Archive member included to satisfy reference by file (symbol)

c:/st/stm32cubeide_1.12.0/stm32cubeide/plugins/com.st.stm32cube.ide.mcu.externaltools.gnu-tools-for-stm32.10.3-2021.10.win32_1.0.200.202301161003/tools/bin/../lib/gcc/arm-none-eabi/10.3.1/../../../../arm-none-eabi/lib/thumb/v6-m/nofp\libc_nano.a(lib_a-errno.o)
                              ./Core/Src/syscalls.o (__errno)
c:/st/stm32cubeide_1.12.0/stm32cubeide/plugins/com.st.stm32cube.ide.mcu.externaltools.gnu-tools-for-stm32.10.3-2021.10.win32_1.0.200.202301161003/tools/bin/../lib/gcc/arm-none-eabi/10.3.1/../../../../arm-none-eabi/lib/thumb/v6-m/nofp\libc_nano.a(lib_a-exit.o)
                              c:/st/stm32cubeide_1.12.0/stm32cubeide/plugins/com.st.stm32cube.ide.mcu.externaltools.gnu-tools-for-stm32.10.3-2021.10.win32_1.0.200.202301161003/tools/bin/../lib/gcc/arm-none-eabi/10.3.1/../../../../arm-none-eabi/lib/thumb/v6-m/nofp/crt0.o (exit)
c:/st/stm32cubeide_1.12.0/stm32cubeide/plugins/com.st.stm32cube.ide.mcu.externaltools.gnu-tools-for-stm32.10.3-2021.10.win32_1.0.200.202301161003/tools/bin/../lib/gcc/arm-none-eabi/10.3.1/../../../../arm-none-eabi/lib/thumb/v6-m/nofp\libc_nano.a(lib_a-impure.o)
                              c:/st/stm32cubeide_1.12.0/stm32cubeide/plugins/com.st.stm32cube.ide.mcu.externaltools.gnu-tools-for-stm32.10.3-2021.10.win32_1.0.200.202301161003/tools/bin/../lib/gcc/arm-none-eabi/10.3.1/../../../../arm-none-eabi/lib/thumb/v6-m/nofp\libc_nano.a(lib_a-exit.o) (_global_impure_ptr)
c:/st/stm32cubeide_1.12.0/stm32cubeide/plugins/com.st.stm32cube.ide.mcu.externaltools.gnu-tools-for-stm32.10.3-2021.10.win32_1.0.200.202301161003/tools/bin/../lib/gcc/arm-none-eabi/10.3.1/../../../../arm-none-eabi/lib/thumb/v6-m/nofp\libc_nano.a(lib_a-init.o)
                              c:/st/stm32cubeide_1.12.0/stm32cubeide/plugins/com.st.stm32cube.ide.mcu.externaltools.gnu-tools-for-stm32.10.3-2021.10.win32_1.0.200.202301161003/tools/bin/../lib/gcc/arm-none-eabi/10.3.1/../../../../arm-none-eabi/lib/thumb/v6-m/nofp/crt0.o (__libc_init_array)
c:/st/stm32cubeide_1.12.0/stm32cubeide/plugins/com.st.stm32cube.ide.mcu.externaltools.gnu-tools-for-stm32.10.3-2021.10.win32_1.0.200.202301161003/tools/bin/../lib/gcc/arm-none-eabi/10.3.1/../../../../arm-none-eabi/lib/thumb/v6-m/nofp\libc_nano.a(lib_a-memcpy-stub.o)
                              ./Drivers/OLED/ssd1306.o (memcpy)
c:/st/stm32cubeide_1.12.0/stm32cubeide/plugins/com.st.stm32cube.ide.mcu.externaltools.gnu-tools-for-stm32.10.3-2021.10.win32_1.0.200.202301161003/tools/bin/../lib/gcc/arm-none-eabi/10.3.1/../../../../arm-none-eabi/lib/thumb/v6-m/nofp\libc_nano.a(lib_a-memset.o)
                              c:/st/stm32cubeide_1.12.0/stm32cubeide/plugins/com.st.stm32cube.ide.mcu.externaltools.gnu-tools-for-stm32.10.3-2021.10.win32_1.0.200.202301161003/tools/bin/../lib/gcc/arm-none-eabi/10.3.1/../../../../arm-none-eabi/lib/thumb/v6-m/nofp/crt0.o (memset)
c:/st/stm32cubeide_1.12.0/stm32cubeide/plugins/com.st.stm32cube.ide.mcu.externaltools.gnu-tools-for-stm32.10.3-2021.10.win32_1.0.200.202301161003/tools/bin/../lib/gcc/arm-none-eabi/10.3.1/../../../../arm-none-eabi/lib/thumb/v6-m/nofp\libc_nano.a(lib_a-sprintf.o)
                              ./Core/Src/main.o (sprintf)
c:/st/stm32cubeide_1.12.0/stm32cubeide/plugins/com.st.stm32cube.ide.mcu.externaltools.gnu-tools-for-stm32.10.3-2021.10.win32_1.0.200.202301161003/tools/bin/../lib/gcc/arm-none-eabi/10.3.1/../../../../arm-none-eabi/lib/thumb/v6-m/nofp\libc_nano.a(lib_a-nano-svfprintf.o)
                              c:/st/stm32cubeide_1.12.0/stm32cubeide/plugins/com.st.stm32cube.ide.mcu.externaltools.gnu-tools-for-stm32.10.3-2021.10.win32_1.0.200.202301161003/tools/bin/../lib/gcc/arm-none-eabi/10.3.1/../../../../arm-none-eabi/lib/thumb/v6-m/nofp\libc_nano.a(lib_a-sprintf.o) (_svfprintf_r)
c:/st/stm32cubeide_1.12.0/stm32cubeide/plugins/com.st.stm32cube.ide.mcu.externaltools.gnu-tools-for-stm32.10.3-2021.10.win32_1.0.200.202301161003/tools/bin/../lib/gcc/arm-none-eabi/10.3.1/../../../../arm-none-eabi/lib/thumb/v6-m/nofp\libc_nano.a(lib_a-nano-vfprintf_i.o)
                              c:/st/stm32cubeide_1.12.0/stm32cubeide/plugins/com.st.stm32cube.ide.mcu.externaltools.gnu-tools-for-stm32.10.3-2021.10.win32_1.0.200.202301161003/tools/bin/../lib/gcc/arm-none-eabi/10.3.1/../../../../arm-none-eabi/lib/thumb/v6-m/nofp\libc_nano.a(lib_a-nano-svfprintf.o) (_printf_i)
c:/st/stm32cubeide_1.12.0/stm32cubeide/plugins/com.st.stm32cube.ide.mcu.externaltools.gnu-tools-for-stm32.10.3-2021.10.win32_1.0.200.202301161003/tools/bin/../lib/gcc/arm-none-eabi/10.3.1/../../../../arm-none-eabi/lib/thumb/v6-m/nofp\libc_nano.a(lib_a-memchr-stub.o)
                              c:/st/stm32cubeide_1.12.0/stm32cubeide/plugins/com.st.stm32cube.ide.mcu.externaltools.gnu-tools-for-stm32.10.3-2021.10.win32_1.0.200.202301161003/tools/bin/../lib/gcc/arm-none-eabi/10.3.1/../../../../arm-none-eabi/lib/thumb/v6-m/nofp\libc_nano.a(lib_a-nano-svfprintf.o) (memchr)
[...]
Memory Configuration

Name             Origin             Length             Attributes
RAM              0x0000000020000000 0x0000000000002000 xrw
FLASH            0x0000000008000000 0x0000000000010000 xr
*default*        0x0000000000000000 0xffffffffffffffff

Linker script and memory map

LOAD c:/st/stm32cubeide_1.12.0/stm32cubeide/plugins/com.st.stm32cube.ide.mcu.externaltools.gnu-tools-for-stm32.10.3-2021.10.win32_1.0.200.202301161003/tools/bin/../lib/gcc/arm-none-eabi/10.3.1/thumb/v6-m/nofp/crti.o
LOAD c:/st/stm32cubeide_1.12.0/stm32cubeide/plugins/com.st.stm32cube.ide.mcu.externaltools.gnu-tools-for-stm32.10.3-2021.10.win32_1.0.200.202301161003/tools/bin/../lib/gcc/arm-none-eabi/10.3.1/thumb/v6-m/nofp/crtbegin.o
LOAD c:/st/stm32cubeide_1.12.0/stm32cubeide/plugins/com.st.stm32cube.ide.mcu.externaltools.gnu-tools-for-stm32.10.3-2021.10.win32_1.0.200.202301161003/tools/bin/../lib/gcc/arm-none-eabi/10.3.1/../../../../arm-none-eabi/lib/thumb/v6-m/nofp/crt0.o
LOAD ./Core/Src/FIRFilter.o
LOAD ./Core/Src/PI.o
LOAD ./Core/Src/main.o
LOAD ./Core/Src/stm32g0xx_hal_msp.o
LOAD ./Core/Src/stm32g0xx_hal_timebase_tim.o
LOAD ./Core/Src/stm32g0xx_it.o
LOAD ./Core/Src/syscalls.o
LOAD ./Core/Src/sysmem.o
LOAD ./Core/Src/system_stm32g0xx.o
LOAD ./Core/Startup/startup_stm32g030k8tx.o
LOAD ./Drivers/OLED/ssd1306.o
LOAD ./Drivers/OLED/ssd1306_fonts.o
LOAD ./Drivers/STM32G0xx_HAL_Driver/Src/stm32g0xx_hal.o
LOAD ./Drivers/STM32G0xx_HAL_Driver/Src/stm32g0xx_hal_adc.o
LOAD ./Drivers/STM32G0xx_HAL_Driver/Src/stm32g0xx_hal_adc_ex.o
LOAD ./Drivers/STM32G0xx_HAL_Driver/Src/stm32g0xx_hal_cortex.o
LOAD ./Drivers/STM32G0xx_HAL_Driver/Src/stm32g0xx_hal_dma.o
LOAD ./Drivers/STM32G0xx_HAL_Driver/Src/stm32g0xx_hal_dma_ex.o
LOAD ./Drivers/STM32G0xx_HAL_Driver/Src/stm32g0xx_hal_exti.o
LOAD ./Drivers/STM32G0xx_HAL_Driver/Src/stm32g0xx_hal_flash.o
LOAD ./Drivers/STM32G0xx_HAL_Driver/Src/stm32g0xx_hal_flash_ex.o
LOAD ./Drivers/STM32G0xx_HAL_Driver/Src/stm32g0xx_hal_gpio.o
LOAD ./Drivers/STM32G0xx_HAL_Driver/Src/stm32g0xx_hal_i2c.o
LOAD ./Drivers/STM32G0xx_HAL_Driver/Src/stm32g0xx_hal_i2c_ex.o
LOAD ./Drivers/STM32G0xx_HAL_Driver/Src/stm32g0xx_hal_pwr.o
LOAD ./Drivers/STM32G0xx_HAL_Driver/Src/stm32g0xx_hal_pwr_ex.o
LOAD ./Drivers/STM32G0xx_HAL_Driver/Src/stm32g0xx_hal_rcc.o
LOAD ./Drivers/STM32G0xx_HAL_Driver/Src/stm32g0xx_hal_rcc_ex.o
LOAD ./Drivers/STM32G0xx_HAL_Driver/Src/stm32g0xx_hal_tim.o
LOAD ./Drivers/STM32G0xx_HAL_Driver/Src/stm32g0xx_hal_tim_ex.o
LOAD ./Drivers/STM32G0xx_HAL_Driver/Src/stm32g0xx_ll_adc.o
LOAD ./Drivers/STM32G0xx_HAL_Driver/Src/stm32g0xx_ll_dma.o
LOAD ./Drivers/STM32G0xx_HAL_Driver/Src/stm32g0xx_ll_rcc.o
START GROUP
LOAD c:/st/stm32cubeide_1.12.0/stm32cubeide/plugins/com.st.stm32cube.ide.mcu.externaltools.gnu-tools-for-stm32.10.3-2021.10.win32_1.0.200.202301161003/tools/bin/../lib/gcc/arm-none-eabi/10.3.1/../../../../arm-none-eabi/lib/thumb/v6-m/nofp\libc_nano.a
LOAD c:/st/stm32cubeide_1.12.0/stm32cubeide/plugins/com.st.stm32cube.ide.mcu.externaltools.gnu-tools-for-stm32.10.3-2021.10.win32_1.0.200.202301161003/tools/bin/../lib/gcc/arm-none-eabi/10.3.1/../../../../arm-none-eabi/lib/thumb/v6-m/nofp\libm.a
END GROUP
START GROUP
LOAD c:/st/stm32cubeide_1.12.0/stm32cubeide/plugins/com.st.stm32cube.ide.mcu.externaltools.gnu-tools-for-stm32.10.3-2021.10.win32_1.0.200.202301161003/tools/bin/../lib/gcc/arm-none-eabi/10.3.1/thumb/v6-m/nofp\libgcc.a
LOAD c:/st/stm32cubeide_1.12.0/stm32cubeide/plugins/com.st.stm32cube.ide.mcu.externaltools.gnu-tools-for-stm32.10.3-2021.10.win32_1.0.200.202301161003/tools/bin/../lib/gcc/arm-none-eabi/10.3.1/../../../../arm-none-eabi/lib/thumb/v6-m/nofp\libc_nano.a
END GROUP
START GROUP
LOAD c:/st/stm32cubeide_1.12.0/stm32cubeide/plugins/com.st.stm32cube.ide.mcu.externaltools.gnu-tools-for-stm32.10.3-2021.10.win32_1.0.200.202301161003/tools/bin/../lib/gcc/arm-none-eabi/10.3.1/thumb/v6-m/nofp\libgcc.a
LOAD c:/st/stm32cubeide_1.12.0/stm32cubeide/plugins/com.st.stm32cube.ide.mcu.externaltools.gnu-tools-for-stm32.10.3-2021.10.win32_1.0.200.202301161003/tools/bin/../lib/gcc/arm-none-eabi/10.3.1/../../../../arm-none-eabi/lib/thumb/v6-m/nofp\libc_nano.a
LOAD c:/st/stm32cubeide_1.12.0/stm32cubeide/plugins/com.st.stm32cube.ide.mcu.externaltools.gnu-tools-for-stm32.10.3-2021.10.win32_1.0.200.202301161003/tools/bin/../lib/gcc/arm-none-eabi/10.3.1/../../../../arm-none-eabi/lib/thumb/v6-m/nofp\libnosys.a
END GROUP
START GROUP
LOAD c:/st/stm32cubeide_1.12.0/stm32cubeide/plugins/com.st.stm32cube.ide.mcu.externaltools.gnu-tools-for-stm32.10.3-2021.10.win32_1.0.200.202301161003/tools/bin/../lib/gcc/arm-none-eabi/10.3.1/thumb/v6-m/nofp\libgcc.a
LOAD c:/st/stm32cubeide_1.12.0/stm32cubeide/plugins/com.st.stm32cube.ide.mcu.externaltools.gnu-tools-for-stm32.10.3-2021.10.win32_1.0.200.202301161003/tools/bin/../lib/gcc/arm-none-eabi/10.3.1/../../../../arm-none-eabi/lib/thumb/v6-m/nofp\libc_nano.a
LOAD c:/st/stm32cubeide_1.12.0/stm32cubeide/plugins/com.st.stm32cube.ide.mcu.externaltools.gnu-tools-for-stm32.10.3-2021.10.win32_1.0.200.202301161003/tools/bin/../lib/gcc/arm-none-eabi/10.3.1/../../../../arm-none-eabi/lib/thumb/v6-m/nofp\libnosys.a
END GROUP
LOAD c:/st/stm32cubeide_1.12.0/stm32cubeide/plugins/com.st.stm32cube.ide.mcu.externaltools.gnu-tools-for-stm32.10.3-2021.10.win32_1.0.200.202301161003/tools/bin/../lib/gcc/arm-none-eabi/10.3.1/thumb/v6-m/nofp/crtend.o
LOAD c:/st/stm32cubeide_1.12.0/stm32cubeide/plugins/com.st.stm32cube.ide.mcu.externaltools.gnu-tools-for-stm32.10.3-2021.10.win32_1.0.200.202301161003/tools/bin/../lib/gcc/arm-none-eabi/10.3.1/thumb/v6-m/nofp/crtn.o
                0x0000000020002000                _estack = (ORIGIN (RAM) + LENGTH (RAM))
                0x0000000000000200                _Min_Heap_Size = 0x200
                0x0000000000000400                _Min_Stack_Size = 0x400

.isr_vector     0x0000000008000000       0xb8
                0x0000000008000000                . = ALIGN (0x4)
 *(.isr_vector)
 .isr_vector    0x0000000008000000       0xb8 ./Core/Startup/startup_stm32g030k8tx.o
                0x0000000008000000                g_pfnVectors
                0x00000000080000b8                . = ALIGN (0x4)

.text           0x00000000080000b8     0x6ba8
                0x00000000080000b8                . = ALIGN (0x4)
 *(.text)
 .text          0x00000000080000b8       0x48 c:/st/stm32cubeide_1.12.0/stm32cubeide/plugins/com.st.stm32cube.ide.mcu.externaltools.gnu-tools-for-stm32.10.3-2021.10.win32_1.0.200.202301161003/tools/bin/../lib/gcc/arm-none-eabi/10.3.1/thumb/v6-m/nofp/crtbegin.o
 .text          0x0000000008000100       0x14 c:/st/stm32cubeide_1.12.0/stm32cubeide/plugins/com.st.stm32cube.ide.mcu.externaltools.gnu-tools-for-stm32.10.3-2021.10.win32_1.0.200.202301161003/tools/bin/../lib/gcc/arm-none-eabi/10.3.1/thumb/v6-m/nofp\libgcc.a(_thumb1_case_shi.o)
                0x0000000008000100                __gnu_thumb1_case_shi
 .text          0x0000000008000114      0x114 c:/st/stm32cubeide_1.12.0/stm32cubeide/plugins/com.st.stm32cube.ide.mcu.externaltools.gnu-tools-for-stm32.10.3-2021.10.win32_1.0.200.202301161003/tools/bin/../lib/gcc/arm-none-eabi/10.3.1/thumb/v6-m/nofp\libgcc.a(_udivsi3.o)
                0x0000000008000114                __aeabi_uidiv
                0x0000000008000114                __udivsi3
                0x0000000008000220                __aeabi_uidivmod
 .text          0x0000000008000228        0x4 c:/st/stm32cubeide_1.12.0/stm32cubeide/plugins/com.st.stm32cube.ide.mcu.externaltools.gnu-tools-for-stm32.10.3-2021.10.win32_1.0.200.202301161003/tools/bin/../lib/gcc/arm-none-eabi/10.3.1/thumb/v6-m/nofp\libgcc.a(_dvmd_tls.o)
                0x0000000008000228                __aeabi_idiv0
                0x0000000008000228                __aeabi_ldiv0
 .text          0x000000000800022c      0x24c c:/st/stm32cubeide_1.12.0/stm32cubeide/plugins/com.st.stm32cube.ide.mcu.externaltools.gnu-tools-for-stm32.10.3-2021.10.win32_1.0.200.202301161003/tools/bin/../lib/gcc/arm-none-eabi/10.3.1/thumb/v6-m/nofp\libgcc.a(mulsf3.o)
                0x000000000800022c                __aeabi_fmul
 .text          0x0000000008000478       0x40 c:/st/stm32cubeide_1.12.0/stm32cubeide/plugins/com.st.stm32cube.ide.mcu.externaltools.gnu-tools-for-stm32.10.3-2021.10.win32_1.0.200.202301161003/tools/bin/../lib/gcc/arm-none-eabi/10.3.1/thumb/v6-m/nofp\libgcc.a(fixsfsi.o)
                0x0000000008000478                __aeabi_f2iz
 .text          0x00000000080004b8       0x9c c:/st/stm32cubeide_1.12.0/stm32cubeide/plugins/com.st.stm32cube.ide.mcu.externaltools.gnu-tools-for-stm32.10.3-2021.10.win32_1.0.200.202301161003/tools/bin/../lib/gcc/arm-none-eabi/10.3.1/thumb/v6-m/nofp\libgcc.a(floatsisf.o)
                0x00000000080004b8                __aeabi_i2f
 .text          0x0000000008000554       0x3c c:/st/stm32cubeide_1.12.0/stm32cubeide/plugins/com.st.stm32cube.ide.mcu.externaltools.gnu-tools-for-stm32.10.3-2021.10.win32_1.0.200.202301161003/tools/bin/../lib/gcc/arm-none-eabi/10.3.1/thumb/v6-m/nofp\libgcc.a(_clzsi2.o)
                0x0000000008000554                __clzsi2
 *(.text*)
 .text.FIRFilter_Init
                0x0000000008000590       0x54 ./Core/Src/FIRFilter.o
                0x0000000008000590                FIRFilter_Init
 .text.FIRFilter_Update
                0x00000000080005e4      0x140 ./Core/Src/FIRFilter.o
                0x00000000080005e4                FIRFilter_Update
 .text.PID_Init
                0x0000000008000724       0x60 ./Core/Src/PI.o
                0x0000000008000724                PID_Init
 .text.PID_Update
                0x0000000008000784       0xf0 ./Core/Src/PI.o
                0x0000000008000784                PID_Update
 .text.main     0x0000000008000874      0x348 ./Core/Src/main.o
                0x0000000008000874                main
 .text.SystemClock_Config
                0x0000000008000bbc       0xb6 ./Core/Src/main.o
                0x0000000008000bbc                SystemClock_Config
 *fill*         0x0000000008000c72        0x2 
 .text.MX_ADC1_Init
                0x0000000008000c74       0xdc ./Core/Src/main.o
 .text.MX_I2C1_Init
                0x0000000008000d50       0x80 ./Core/Src/main.o
 .text.MX_I2C2_Init
                0x0000000008000dd0       0x80 ./Core/Src/main.o
 .text.MX_TIM1_Init
                0x0000000008000e50      0x154 ./Core/Src/main.o
 .text.MX_TIM3_Init
                0x0000000008000fa4      0x100 ./Core/Src/main.o
 .text.MX_GPIO_Init
                0x00000000080010a4      0x11c ./Core/Src/main.o
 .text.ssd1306_WriteScreen
                0x00000000080011c0       0x36 ./Core/Src/main.o
 *fill*         0x00000000080011f6        0x2 
 .text.HAL_GPIO_EXTI_Falling_Callback
                0x00000000080011f8       0x50 ./Core/Src/main.o
                0x00000000080011f8                HAL_GPIO_EXTI_Falling_Callback
 .text.HAL_ADC_ConvCpltCallback
                0x0000000008001248       0x8c ./Core/Src/main.o
                0x0000000008001248                HAL_ADC_ConvCpltCallback
 .text.HAL_TIM_PeriodElapsedCallback
                0x00000000080012d4       0x24 ./Core/Src/main.o
                0x00000000080012d4                HAL_TIM_PeriodElapsedCallback
 .text.Error_Handler
                0x00000000080012f8        0xa ./Core/Src/main.o
                0x00000000080012f8                Error_Handler
 *fill*         0x0000000008001302        0x2 
 .text.HAL_MspInit
                0x0000000008001304       0x48 ./Core/Src/stm32g0xx_hal_msp.o
                0x0000000008001304                HAL_MspInit
 .text.HAL_ADC_MspInit
                0x000000000800134c       0x98 ./Core/Src/stm32g0xx_hal_msp.o
                0x000000000800134c                HAL_ADC_MspInit
 .text.HAL_I2C_MspInit
                0x00000000080013e4      0x138 ./Core/Src/stm32g0xx_hal_msp.o
                0x00000000080013e4                HAL_I2C_MspInit
 .text.HAL_TIM_PWM_MspInit
                0x000000000800151c       0x40 ./Core/Src/stm32g0xx_hal_msp.o
                0x000000000800151c                HAL_TIM_PWM_MspInit
 .text.HAL_TIM_Base_MspInit
                0x000000000800155c       0x3c ./Core/Src/stm32g0xx_hal_msp.o
                0x000000000800155c                HAL_TIM_Base_MspInit
 .text.HAL_TIM_MspPostInit
                0x0000000008001598       0x78 ./Core/Src/stm32g0xx_hal_msp.o
                0x0000000008001598                HAL_TIM_MspPostInit
 .text.HAL_InitTick
                0x0000000008001610      0x10c ./Core/Src/stm32g0xx_hal_timebase_tim.o
                0x0000000008001610                HAL_InitTick
 .text.NMI_Handler
                0x000000000800171c        0x6 ./Core/Src/stm32g0xx_it.o
                0x000000000800171c                NMI_Handler
 .text.HardFault_Handler
                0x0000000008001722        0x6 ./Core/Src/stm32g0xx_it.o
                0x0000000008001722                HardFault_Handler
 .text.SVC_Handler
                0x0000000008001728        0xa ./Core/Src/stm32g0xx_it.o
                0x0000000008001728                SVC_Handler
 .text.PendSV_Handler
                0x0000000008001732        0xa ./Core/Src/stm32g0xx_it.o
                0x0000000008001732                PendSV_Handler
 .text.SysTick_Handler
                0x000000000800173c        0xa ./Core/Src/stm32g0xx_it.o
                0x000000000800173c                SysTick_Handler
 .text.EXTI2_3_IRQHandler
                0x0000000008001746       0x10 ./Core/Src/stm32g0xx_it.o
                0x0000000008001746                EXTI2_3_IRQHandler
 .text.EXTI4_15_IRQHandler
                0x0000000008001756       0x1e ./Core/Src/stm32g0xx_it.o
                0x0000000008001756                EXTI4_15_IRQHandler
 .text.ADC1_IRQHandler
                0x0000000008001774       0x18 ./Core/Src/stm32g0xx_it.o
                0x0000000008001774                ADC1_IRQHandler
 .text.TIM17_IRQHandler
                0x000000000800178c       0x18 ./Core/Src/stm32g0xx_it.o
                0x000000000800178c                TIM17_IRQHandler
 .text._sbrk    0x00000000080017a4       0x6c ./Core/Src/sysmem.o
                0x00000000080017a4                _sbrk
 .text.SystemInit
                0x0000000008001810        0xa ./Core/Src/system_stm32g0xx.o
                0x0000000008001810                SystemInit
 *fill*         0x000000000800181a        0x2 
 .text.Reset_Handler
                0x000000000800181c       0x50 ./Core/Startup/startup_stm32g030k8tx.o
                0x000000000800181c                Reset_Handler
 .text.Default_Handler
                0x000000000800186c        0x2 ./Core/Startup/startup_stm32g030k8tx.o
                0x000000000800186c                TIM1_CC_IRQHandler
                0x000000000800186c                I2C1_IRQHandler
                0x000000000800186c                RTC_TAMP_IRQHandler
                0x000000000800186c                SPI1_IRQHandler
                0x000000000800186c                DMA1_Ch4_5_DMAMUX1_OVR_IRQHandler
                0x000000000800186c                I2C2_IRQHandler
                0x000000000800186c                TIM16_IRQHandler
                0x000000000800186c                TIM3_IRQHandler
                0x000000000800186c                RCC_IRQHandler
                0x000000000800186c                DMA1_Channel1_IRQHandler
                0x000000000800186c                Default_Handler
                0x000000000800186c                TIM14_IRQHandler
                0x000000000800186c                EXTI0_1_IRQHandler
                0x000000000800186c                SPI2_IRQHandler
                0x000000000800186c                WWDG_IRQHandler
                0x000000000800186c                DMA1_Channel2_3_IRQHandler
                0x000000000800186c                USART2_IRQHandler
                0x000000000800186c                FLASH_IRQHandler
                0x000000000800186c                USART1_IRQHandler
                0x000000000800186c                TIM1_BRK_UP_TRG_COM_IRQHandler
 .text.ssd1306_Reset
                0x000000000800186e        0xa ./Drivers/OLED/ssd1306.o
                0x000000000800186e                ssd1306_Reset
 .text.ssd1306_WriteCommand
                0x0000000008001878       0x34 ./Drivers/OLED/ssd1306.o
                0x0000000008001878                ssd1306_WriteCommand
 .text.ssd1306_WriteData
                0x00000000080018ac       0x34 ./Drivers/OLED/ssd1306.o
                0x00000000080018ac                ssd1306_WriteData
 .text.ssd1306_Init
                0x00000000080018e0       0xd8 ./Drivers/OLED/ssd1306.o
                0x00000000080018e0                ssd1306_Init
 .text.ssd1306_Fill
                0x00000000080019b8       0x48 ./Drivers/OLED/ssd1306.o
                0x00000000080019b8                ssd1306_Fill
 .text.ssd1306_UpdateScreen
                0x0000000008001a00       0x5c ./Drivers/OLED/ssd1306.o
                0x0000000008001a00                ssd1306_UpdateScreen
 .text.ssd1306_DrawPixel
                0x0000000008001a5c       0xc4 ./Drivers/OLED/ssd1306.o
                0x0000000008001a5c                ssd1306_DrawPixel
 .text.ssd1306_WriteChar
                0x0000000008001b20      0x134 ./Drivers/OLED/ssd1306.o
                0x0000000008001b20                ssd1306_WriteChar
 .text.ssd1306_WriteString
                0x0000000008001c54       0x54 ./Drivers/OLED/ssd1306.o
                0x0000000008001c54                ssd1306_WriteString
 .text.ssd1306_SetCursor
                0x0000000008001ca8       0x34 ./Drivers/OLED/ssd1306.o
                0x0000000008001ca8                ssd1306_SetCursor
 .text.ssd1306_SetContrast
                0x0000000008001cdc       0x30 ./Drivers/OLED/ssd1306.o
                0x0000000008001cdc                ssd1306_SetContrast
 .text.ssd1306_SetDisplayOn
                0x0000000008001d0c       0x4c ./Drivers/OLED/ssd1306.o
                0x0000000008001d0c                ssd1306_SetDisplayOn
 .text.HAL_Init
                0x0000000008001d58       0x40 ./Drivers/STM32G0xx_HAL_Driver/Src/stm32g0xx_hal.o
                0x0000000008001d58                HAL_Init
 .text.HAL_IncTick
                0x0000000008001d98       0x24 ./Drivers/STM32G0xx_HAL_Driver/Src/stm32g0xx_hal.o
                0x0000000008001d98                HAL_IncTick
 .text.HAL_GetTick
                0x0000000008001dbc       0x14 ./Drivers/STM32G0xx_HAL_Driver/Src/stm32g0xx_hal.o
                0x0000000008001dbc                HAL_GetTick
 .text.HAL_Delay
                0x0000000008001dd0       0x48 ./Drivers/STM32G0xx_HAL_Driver/Src/stm32g0xx_hal.o
                0x0000000008001dd0                HAL_Delay
 .text.LL_ADC_SetCommonPathInternalCh
                0x0000000008001e18       0x28 ./Drivers/STM32G0xx_HAL_Driver/Src/stm32g0xx_hal_adc.o
 .text.LL_ADC_GetCommonPathInternalCh
                0x0000000008001e40       0x1a ./Drivers/STM32G0xx_HAL_Driver/Src/stm32g0xx_hal_adc.o
 .text.LL_ADC_SetSamplingTimeCommonChannels
                0x0000000008001e5a       0x3a ./Drivers/STM32G0xx_HAL_Driver/Src/stm32g0xx_hal_adc.o
 .text.LL_ADC_GetSamplingTimeCommonChannels
                0x0000000008001e94       0x2e ./Drivers/STM32G0xx_HAL_Driver/Src/stm32g0xx_hal_adc.o
 .text.LL_ADC_REG_IsTriggerSourceSWStart
                0x0000000008001ec2       0x22 ./Drivers/STM32G0xx_HAL_Driver/Src/stm32g0xx_hal_adc.o
 .text.LL_ADC_REG_SetSequencerRanks
                0x0000000008001ee4       0x40 ./Drivers/STM32G0xx_HAL_Driver/Src/stm32g0xx_hal_adc.o
 .text.LL_ADC_REG_SetSequencerChAdd
                0x0000000008001f24       0x22 ./Drivers/STM32G0xx_HAL_Driver/Src/stm32g0xx_hal_adc.o
 .text.LL_ADC_REG_SetSequencerChRem
                0x0000000008001f46       0x24 ./Drivers/STM32G0xx_HAL_Driver/Src/stm32g0xx_hal_adc.o
 .text.LL_ADC_REG_GetDMATransfer
                0x0000000008001f6a       0x18 ./Drivers/STM32G0xx_HAL_Driver/Src/stm32g0xx_hal_adc.o
 *fill*         0x0000000008001f82        0x2 
 .text.LL_ADC_SetChannelSamplingTime
                0x0000000008001f84       0x38 ./Drivers/STM32G0xx_HAL_Driver/Src/stm32g0xx_hal_adc.o
 .text.LL_ADC_EnableInternalRegulator
                0x0000000008001fbc       0x28 ./Drivers/STM32G0xx_HAL_Driver/Src/stm32g0xx_hal_adc.o
 .text.LL_ADC_IsInternalRegulatorEnabled
                0x0000000008001fe4       0x28 ./Drivers/STM32G0xx_HAL_Driver/Src/stm32g0xx_hal_adc.o
 .text.LL_ADC_Enable
                0x000000000800200c       0x24 ./Drivers/STM32G0xx_HAL_Driver/Src/stm32g0xx_hal_adc.o
 .text.LL_ADC_Disable
                0x0000000008002030       0x24 ./Drivers/STM32G0xx_HAL_Driver/Src/stm32g0xx_hal_adc.o
 .text.LL_ADC_IsEnabled
                0x0000000008002054       0x22 ./Drivers/STM32G0xx_HAL_Driver/Src/stm32g0xx_hal_adc.o
 .text.LL_ADC_IsDisableOngoing
                0x0000000008002076       0x22 ./Drivers/STM32G0xx_HAL_Driver/Src/stm32g0xx_hal_adc.o
 .text.LL_ADC_REG_StartConversion
                0x0000000008002098       0x24 ./Drivers/STM32G0xx_HAL_Driver/Src/stm32g0xx_hal_adc.o
 .text.LL_ADC_REG_IsConversionOngoing
                0x00000000080020bc       0x22 ./Drivers/STM32G0xx_HAL_Driver/Src/stm32g0xx_hal_adc.o
 *fill*         0x00000000080020de        0x2 
 .text.HAL_ADC_Init
                0x00000000080020e0      0x350 ./Drivers/STM32G0xx_HAL_Driver/Src/stm32g0xx_hal_adc.o
                0x00000000080020e0                HAL_ADC_Init
 .text.HAL_ADC_Start_IT
                0x0000000008002430       0xf0 ./Drivers/STM32G0xx_HAL_Driver/Src/stm32g0xx_hal_adc.o
                0x0000000008002430                HAL_ADC_Start_IT
 .text.HAL_ADC_GetValue
                0x0000000008002520       0x16 ./Drivers/STM32G0xx_HAL_Driver/Src/stm32g0xx_hal_adc.o
                0x0000000008002520                HAL_ADC_GetValue
 *fill*         0x0000000008002536        0x2 
 .text.HAL_ADC_IRQHandler
                0x0000000008002538      0x230 ./Drivers/STM32G0xx_HAL_Driver/Src/stm32g0xx_hal_adc.o
                0x0000000008002538                HAL_ADC_IRQHandler
 .text.HAL_ADC_LevelOutOfWindowCallback
                0x0000000008002768       0x10 ./Drivers/STM32G0xx_HAL_Driver/Src/stm32g0xx_hal_adc.o
                0x0000000008002768                HAL_ADC_LevelOutOfWindowCallback
 .text.HAL_ADC_ErrorCallback
                0x0000000008002778       0x10 ./Drivers/STM32G0xx_HAL_Driver/Src/stm32g0xx_hal_adc.o
                0x0000000008002778                HAL_ADC_ErrorCallback
 .text.HAL_ADC_ConfigChannel
                0x0000000008002788      0x3b0 ./Drivers/STM32G0xx_HAL_Driver/Src/stm32g0xx_hal_adc.o
                0x0000000008002788                HAL_ADC_ConfigChannel
 .text.ADC_Enable
                0x0000000008002b38      0x10c ./Drivers/STM32G0xx_HAL_Driver/Src/stm32g0xx_hal_adc.o
                0x0000000008002b38                ADC_Enable
 .text.ADC_Disable
                0x0000000008002c44       0xbc ./Drivers/STM32G0xx_HAL_Driver/Src/stm32g0xx_hal_adc.o
                0x0000000008002c44                ADC_Disable
 .text.LL_ADC_SetCalibrationFactor
                0x0000000008002d00       0x28 ./Drivers/STM32G0xx_HAL_Driver/Src/stm32g0xx_hal_adc_ex.o
 .text.LL_ADC_GetCalibrationFactor
                0x0000000008002d28       0x1a ./Drivers/STM32G0xx_HAL_Driver/Src/stm32g0xx_hal_adc_ex.o
 *fill*         0x0000000008002d42        0x2 
 .text.LL_ADC_Enable
                0x0000000008002d44       0x24 ./Drivers/STM32G0xx_HAL_Driver/Src/stm32g0xx_hal_adc_ex.o
 .text.LL_ADC_Disable
                0x0000000008002d68       0x24 ./Drivers/STM32G0xx_HAL_Driver/Src/stm32g0xx_hal_adc_ex.o
 .text.LL_ADC_IsEnabled
                0x0000000008002d8c       0x22 ./Drivers/STM32G0xx_HAL_Driver/Src/stm32g0xx_hal_adc_ex.o
 *fill*         0x0000000008002dae        0x2 
 .text.LL_ADC_StartCalibration
                0x0000000008002db0       0x28 ./Drivers/STM32G0xx_HAL_Driver/Src/stm32g0xx_hal_adc_ex.o
 .text.LL_ADC_IsCalibrationOnGoing
                0x0000000008002dd8       0x26 ./Drivers/STM32G0xx_HAL_Driver/Src/stm32g0xx_hal_adc_ex.o
 *fill*         0x0000000008002dfe        0x2 
 .text.HAL_ADCEx_Calibration_Start
                0x0000000008002e00      0x1ac ./Drivers/STM32G0xx_HAL_Driver/Src/stm32g0xx_hal_adc_ex.o
                0x0000000008002e00                HAL_ADCEx_Calibration_Start
 .text.HAL_ADCEx_LevelOutOfWindow2Callback
                0x0000000008002fac       0x10 ./Drivers/STM32G0xx_HAL_Driver/Src/stm32g0xx_hal_adc_ex.o
                0x0000000008002fac                HAL_ADCEx_LevelOutOfWindow2Callback
 .text.HAL_ADCEx_LevelOutOfWindow3Callback
                0x0000000008002fbc       0x10 ./Drivers/STM32G0xx_HAL_Driver/Src/stm32g0xx_hal_adc_ex.o
                0x0000000008002fbc                HAL_ADCEx_LevelOutOfWindow3Callback
 .text.HAL_ADCEx_EndOfSamplingCallback
                0x0000000008002fcc       0x10 ./Drivers/STM32G0xx_HAL_Driver/Src/stm32g0xx_hal_adc_ex.o
                0x0000000008002fcc                HAL_ADCEx_EndOfSamplingCallback
 .text.HAL_ADCEx_ChannelConfigReadyCallback
                0x0000000008002fdc       0x10 ./Drivers/STM32G0xx_HAL_Driver/Src/stm32g0xx_hal_adc_ex.o
                0x0000000008002fdc                HAL_ADCEx_ChannelConfigReadyCallback
 .text.__NVIC_EnableIRQ
                0x0000000008002fec       0x34 ./Drivers/STM32G0xx_HAL_Driver/Src/stm32g0xx_hal_cortex.o
 .text.__NVIC_SetPriority
                0x0000000008003020       0xdc ./Drivers/STM32G0xx_HAL_Driver/Src/stm32g0xx_hal_cortex.o
 .text.HAL_NVIC_SetPriority
                0x00000000080030fc       0x2a ./Drivers/STM32G0xx_HAL_Driver/Src/stm32g0xx_hal_cortex.o
                0x00000000080030fc                HAL_NVIC_SetPriority
 .text.HAL_NVIC_EnableIRQ
                0x0000000008003126       0x20 ./Drivers/STM32G0xx_HAL_Driver/Src/stm32g0xx_hal_cortex.o
                0x0000000008003126                HAL_NVIC_EnableIRQ
 *fill*         0x0000000008003146        0x2 
 .text.HAL_GPIO_Init
                0x0000000008003148      0x2c8 ./Drivers/STM32G0xx_HAL_Driver/Src/stm32g0xx_hal_gpio.o
                0x0000000008003148                HAL_GPIO_Init
 .text.HAL_GPIO_WritePin
                0x0000000008003410       0x3a ./Drivers/STM32G0xx_HAL_Driver/Src/stm32g0xx_hal_gpio.o
                0x0000000008003410                HAL_GPIO_WritePin
 *fill*         0x000000000800344a        0x2 
 .text.HAL_GPIO_EXTI_IRQHandler
                0x000000000800344c       0x54 ./Drivers/STM32G0xx_HAL_Driver/Src/stm32g0xx_hal_gpio.o
                0x000000000800344c                HAL_GPIO_EXTI_IRQHandler
 .text.HAL_GPIO_EXTI_Rising_Callback
                0x00000000080034a0       0x14 ./Drivers/STM32G0xx_HAL_Driver/Src/stm32g0xx_hal_gpio.o
                0x00000000080034a0                HAL_GPIO_EXTI_Rising_Callback
 .text.HAL_I2C_Init
                0x00000000080034b4      0x12c ./Drivers/STM32G0xx_HAL_Driver/Src/stm32g0xx_hal_i2c.o
                0x00000000080034b4                HAL_I2C_Init
 .text.HAL_I2C_Mem_Write
                0x00000000080035e0      0x25c ./Drivers/STM32G0xx_HAL_Driver/Src/stm32g0xx_hal_i2c.o
                0x00000000080035e0                HAL_I2C_Mem_Write
 .text.HAL_I2C_Mem_Read
                0x000000000800383c      0x268 ./Drivers/STM32G0xx_HAL_Driver/Src/stm32g0xx_hal_i2c.o
                0x000000000800383c                HAL_I2C_Mem_Read
 .text.I2C_RequestMemoryWrite
                0x0000000008003aa4       0xc8 ./Drivers/STM32G0xx_HAL_Driver/Src/stm32g0xx_hal_i2c.o
 .text.I2C_RequestMemoryRead
                0x0000000008003b6c       0xc4 ./Drivers/STM32G0xx_HAL_Driver/Src/stm32g0xx_hal_i2c.o
 .text.I2C_Flush_TXDR
                0x0000000008003c30       0x44 ./Drivers/STM32G0xx_HAL_Driver/Src/stm32g0xx_hal_i2c.o
 .text.I2C_WaitOnFlagUntilTimeout
                0x0000000008003c74       0x7e ./Drivers/STM32G0xx_HAL_Driver/Src/stm32g0xx_hal_i2c.o
 .text.I2C_WaitOnTXISFlagUntilTimeout
                0x0000000008003cf2       0x7e ./Drivers/STM32G0xx_HAL_Driver/Src/stm32g0xx_hal_i2c.o
 .text.I2C_WaitOnSTOPFlagUntilTimeout
                0x0000000008003d70       0x78 ./Drivers/STM32G0xx_HAL_Driver/Src/stm32g0xx_hal_i2c.o
 .text.I2C_IsErrorOccurred
                0x0000000008003de8      0x200 ./Drivers/STM32G0xx_HAL_Driver/Src/stm32g0xx_hal_i2c.o
 .text.I2C_TransferConfig
                0x0000000008003fe8       0x74 ./Drivers/STM32G0xx_HAL_Driver/Src/stm32g0xx_hal_i2c.o
 .text.HAL_I2CEx_ConfigAnalogFilter
                0x000000000800405c       0x98 ./Drivers/STM32G0xx_HAL_Driver/Src/stm32g0xx_hal_i2c_ex.o
                0x000000000800405c                HAL_I2CEx_ConfigAnalogFilter
 .text.HAL_I2CEx_ConfigDigitalFilter
                0x00000000080040f4       0x98 ./Drivers/STM32G0xx_HAL_Driver/Src/stm32g0xx_hal_i2c_ex.o
                0x00000000080040f4                HAL_I2CEx_ConfigDigitalFilter
 .text.HAL_PWREx_ControlVoltageScaling
                0x000000000800418c       0x80 ./Drivers/STM32G0xx_HAL_Driver/Src/stm32g0xx_hal_pwr_ex.o
                0x000000000800418c                HAL_PWREx_ControlVoltageScaling
 .text.LL_RCC_GetAPB1Prescaler
                0x000000000800420c       0x18 ./Drivers/STM32G0xx_HAL_Driver/Src/stm32g0xx_hal_rcc.o
 .text.HAL_RCC_OscConfig
                0x0000000008004224      0x620 ./Drivers/STM32G0xx_HAL_Driver/Src/stm32g0xx_hal_rcc.o
                0x0000000008004224                HAL_RCC_OscConfig
 .text.HAL_RCC_ClockConfig
                0x0000000008004844      0x210 ./Drivers/STM32G0xx_HAL_Driver/Src/stm32g0xx_hal_rcc.o
                0x0000000008004844                HAL_RCC_ClockConfig
 .text.HAL_RCC_GetSysClockFreq
                0x0000000008004a54      0x104 ./Drivers/STM32G0xx_HAL_Driver/Src/stm32g0xx_hal_rcc.o
                0x0000000008004a54                HAL_RCC_GetSysClockFreq
 .text.HAL_RCC_GetHCLKFreq
                0x0000000008004b58       0x14 ./Drivers/STM32G0xx_HAL_Driver/Src/stm32g0xx_hal_rcc.o
                0x0000000008004b58                HAL_RCC_GetHCLKFreq
 .text.HAL_RCC_GetPCLK1Freq
                0x0000000008004b6c       0x2c ./Drivers/STM32G0xx_HAL_Driver/Src/stm32g0xx_hal_rcc.o
                0x0000000008004b6c                HAL_RCC_GetPCLK1Freq
 .text.HAL_RCC_GetClockConfig
                0x0000000008004b98       0x54 ./Drivers/STM32G0xx_HAL_Driver/Src/stm32g0xx_hal_rcc.o
                0x0000000008004b98                HAL_RCC_GetClockConfig
 .text.HAL_RCCEx_PeriphCLKConfig
                0x0000000008004bec      0x24c ./Drivers/STM32G0xx_HAL_Driver/Src/stm32g0xx_hal_rcc_ex.o
                0x0000000008004bec                HAL_RCCEx_PeriphCLKConfig
 .text.HAL_TIM_Base_Init
                0x0000000008004e38       0xb0 ./Drivers/STM32G0xx_HAL_Driver/Src/stm32g0xx_hal_tim.o
                0x0000000008004e38                HAL_TIM_Base_Init
 .text.HAL_TIM_Base_Start_IT
                0x0000000008004ee8       0x9c ./Drivers/STM32G0xx_HAL_Driver/Src/stm32g0xx_hal_tim.o
                0x0000000008004ee8                HAL_TIM_Base_Start_IT
 .text.HAL_TIM_PWM_Init
                0x0000000008004f84       0xb0 ./Drivers/STM32G0xx_HAL_Driver/Src/stm32g0xx_hal_tim.o
                0x0000000008004f84                HAL_TIM_PWM_Init
 .text.HAL_TIM_PWM_Start
                0x0000000008005034      0x1b0 ./Drivers/STM32G0xx_HAL_Driver/Src/stm32g0xx_hal_tim.o
                0x0000000008005034                HAL_TIM_PWM_Start
 .text.HAL_TIM_PWM_Stop
                0x00000000080051e4      0x10c ./Drivers/STM32G0xx_HAL_Driver/Src/stm32g0xx_hal_tim.o
                0x00000000080051e4                HAL_TIM_PWM_Stop
 .text.HAL_TIM_IRQHandler
                0x00000000080052f0      0x264 ./Drivers/STM32G0xx_HAL_Driver/Src/stm32g0xx_hal_tim.o
                0x00000000080052f0                HAL_TIM_IRQHandler
 .text.HAL_TIM_PWM_ConfigChannel
                0x0000000008005554      0x200 ./Drivers/STM32G0xx_HAL_Driver/Src/stm32g0xx_hal_tim.o
                0x0000000008005554                HAL_TIM_PWM_ConfigChannel
 .text.HAL_TIM_ConfigClockSource
                0x0000000008005754      0x1ac ./Drivers/STM32G0xx_HAL_Driver/Src/stm32g0xx_hal_tim.o
                0x0000000008005754                HAL_TIM_ConfigClockSource
 .text.HAL_TIM_OC_DelayElapsedCallback
                0x0000000008005900       0x10 ./Drivers/STM32G0xx_HAL_Driver/Src/stm32g0xx_hal_tim.o
                0x0000000008005900                HAL_TIM_OC_DelayElapsedCallback
 .text.HAL_TIM_IC_CaptureCallback
                0x0000000008005910       0x10 ./Drivers/STM32G0xx_HAL_Driver/Src/stm32g0xx_hal_tim.o
                0x0000000008005910                HAL_TIM_IC_CaptureCallback
 .text.HAL_TIM_PWM_PulseFinishedCallback
                0x0000000008005920       0x10 ./Drivers/STM32G0xx_HAL_Driver/Src/stm32g0xx_hal_tim.o
                0x0000000008005920                HAL_TIM_PWM_PulseFinishedCallback
 .text.HAL_TIM_TriggerCallback
                0x0000000008005930       0x10 ./Drivers/STM32G0xx_HAL_Driver/Src/stm32g0xx_hal_tim.o
                0x0000000008005930                HAL_TIM_TriggerCallback
 .text.TIM_Base_SetConfig
                0x0000000008005940       0xd8 ./Drivers/STM32G0xx_HAL_Driver/Src/stm32g0xx_hal_tim.o
                0x0000000008005940                TIM_Base_SetConfig
 .text.TIM_OC1_SetConfig
                0x0000000008005a18      0x100 ./Drivers/STM32G0xx_HAL_Driver/Src/stm32g0xx_hal_tim.o
 .text.TIM_OC2_SetConfig
                0x0000000008005b18       0xfc ./Drivers/STM32G0xx_HAL_Driver/Src/stm32g0xx_hal_tim.o
                0x0000000008005b18                TIM_OC2_SetConfig
 .text.TIM_OC3_SetConfig
                0x0000000008005c14      0x104 ./Drivers/STM32G0xx_HAL_Driver/Src/stm32g0xx_hal_tim.o
 .text.TIM_OC4_SetConfig
                0x0000000008005d18       0xc8 ./Drivers/STM32G0xx_HAL_Driver/Src/stm32g0xx_hal_tim.o
 .text.TIM_OC5_SetConfig
                0x0000000008005de0       0xb4 ./Drivers/STM32G0xx_HAL_Driver/Src/stm32g0xx_hal_tim.o
 .text.TIM_OC6_SetConfig
                0x0000000008005e94       0xbc ./Drivers/STM32G0xx_HAL_Driver/Src/stm32g0xx_hal_tim.o
 .text.TIM_TI1_ConfigInputStage
                0x0000000008005f50       0x5c ./Drivers/STM32G0xx_HAL_Driver/Src/stm32g0xx_hal_tim.o
 .text.TIM_TI2_ConfigInputStage
                0x0000000008005fac       0x64 ./Drivers/STM32G0xx_HAL_Driver/Src/stm32g0xx_hal_tim.o
 .text.TIM_ITRx_SetConfig
                0x0000000008006010       0x38 ./Drivers/STM32G0xx_HAL_Driver/Src/stm32g0xx_hal_tim.o
 .text.TIM_ETR_SetConfig
                0x0000000008006048       0x40 ./Drivers/STM32G0xx_HAL_Driver/Src/stm32g0xx_hal_tim.o
                0x0000000008006048                TIM_ETR_SetConfig
 .text.TIM_CCxChannelCmd
                0x0000000008006088       0x46 ./Drivers/STM32G0xx_HAL_Driver/Src/stm32g0xx_hal_tim.o
                0x0000000008006088                TIM_CCxChannelCmd
 *fill*         0x00000000080060ce        0x2 
 .text.HAL_TIMEx_MasterConfigSynchronization
                0x00000000080060d0       0xc4 ./Drivers/STM32G0xx_HAL_Driver/Src/stm32g0xx_hal_tim_ex.o
                0x00000000080060d0                HAL_TIMEx_MasterConfigSynchronization
 .text.HAL_TIMEx_ConfigBreakDeadTime
                0x0000000008006194      0x14c ./Drivers/STM32G0xx_HAL_Driver/Src/stm32g0xx_hal_tim_ex.o
                0x0000000008006194                HAL_TIMEx_ConfigBreakDeadTime
 .text.HAL_TIMEx_CommutCallback
                0x00000000080062e0       0x10 ./Drivers/STM32G0xx_HAL_Driver/Src/stm32g0xx_hal_tim_ex.o
                0x00000000080062e0                HAL_TIMEx_CommutCallback
 .text.HAL_TIMEx_BreakCallback
                0x00000000080062f0       0x10 ./Drivers/STM32G0xx_HAL_Driver/Src/stm32g0xx_hal_tim_ex.o
                0x00000000080062f0                HAL_TIMEx_BreakCallback
 .text.HAL_TIMEx_Break2Callback
                0x0000000008006300       0x10 ./Drivers/STM32G0xx_HAL_Driver/Src/stm32g0xx_hal_tim_ex.o
                0x0000000008006300                HAL_TIMEx_Break2Callback
 .text.__errno  0x0000000008006310        0xc c:/st/stm32cubeide_1.12.0/stm32cubeide/plugins/com.st.stm32cube.ide.mcu.externaltools.gnu-tools-for-stm32.10.3-2021.10.win32_1.0.200.202301161003/tools/bin/../lib/gcc/arm-none-eabi/10.3.1/../../../../arm-none-eabi/lib/thumb/v6-m/nofp\libc_nano.a(lib_a-errno.o)
                0x0000000008006310                __errno
 .text.__libc_init_array
                0x000000000800631c       0x48 c:/st/stm32cubeide_1.12.0/stm32cubeide/plugins/com.st.stm32cube.ide.mcu.externaltools.gnu-tools-for-stm32.10.3-2021.10.win32_1.0.200.202301161003/tools/bin/../lib/gcc/arm-none-eabi/10.3.1/../../../../arm-none-eabi/lib/thumb/v6-m/nofp\libc_nano.a(lib_a-init.o)
                0x000000000800631c                __libc_init_array
 .text.memcpy   0x0000000008006364       0x12 c:/st/stm32cubeide_1.12.0/stm32cubeide/plugins/com.st.stm32cube.ide.mcu.externaltools.gnu-tools-for-stm32.10.3-2021.10.win32_1.0.200.202301161003/tools/bin/../lib/gcc/arm-none-eabi/10.3.1/../../../../arm-none-eabi/lib/thumb/v6-m/nofp\libc_nano.a(lib_a-memcpy-stub.o)
                0x0000000008006364                memcpy
 .text.memset   0x0000000008006376       0x10 c:/st/stm32cubeide_1.12.0/stm32cubeide/plugins/com.st.stm32cube.ide.mcu.externaltools.gnu-tools-for-stm32.10.3-2021.10.win32_1.0.200.202301161003/tools/bin/../lib/gcc/arm-none-eabi/10.3.1/../../../../arm-none-eabi/lib/thumb/v6-m/nofp\libc_nano.a(lib_a-memset.o)
                0x0000000008006376                memset
 *fill*         0x0000000008006386        0x2 
 .text.sprintf  0x0000000008006388       0x40 c:/st/stm32cubeide_1.12.0/stm32cubeide/plugins/com.st.stm32cube.ide.mcu.externaltools.gnu-tools-for-stm32.10.3-2021.10.win32_1.0.200.202301161003/tools/bin/../lib/gcc/arm-none-eabi/10.3.1/../../../../arm-none-eabi/lib/thumb/v6-m/nofp\libc_nano.a(lib_a-sprintf.o)
                0x0000000008006388                siprintf
                0x0000000008006388                sprintf
 .text.__ssputs_r
                0x00000000080063c8       0xc4 c:/st/stm32cubeide_1.12.0/stm32cubeide/plugins/com.st.stm32cube.ide.mcu.externaltools.gnu-tools-for-stm32.10.3-2021.10.win32_1.0.200.202301161003/tools/bin/../lib/gcc/arm-none-eabi/10.3.1/../../../../arm-none-eabi/lib/thumb/v6-m/nofp\libc_nano.a(lib_a-nano-svfprintf.o)
                0x00000000080063c8                __ssputs_r
 .text._svfprintf_r
                0x000000000800648c      0x200 c:/st/stm32cubeide_1.12.0/stm32cubeide/plugins/com.st.stm32cube.ide.mcu.externaltools.gnu-tools-for-stm32.10.3-2021.10.win32_1.0.200.202301161003/tools/bin/../lib/gcc/arm-none-eabi/10.3.1/../../../../arm-none-eabi/lib/thumb/v6-m/nofp\libc_nano.a(lib_a-nano-svfprintf.o)
                0x000000000800648c                _svfiprintf_r
                0x000000000800648c                _svfprintf_r
 .text._printf_common
                0x000000000800668c       0xde c:/st/stm32cubeide_1.12.0/stm32cubeide/plugins/com.st.stm32cube.ide.mcu.externaltools.gnu-tools-for-stm32.10.3-2021.10.win32_1.0.200.202301161003/tools/bin/../lib/gcc/arm-none-eabi/10.3.1/../../../../arm-none-eabi/lib/thumb/v6-m/nofp\libc_nano.a(lib_a-nano-vfprintf_i.o)
                0x000000000800668c                _printf_common
 *fill*         0x000000000800676a        0x2 
 .text._printf_i
                0x000000000800676c      0x224 c:/st/stm32cubeide_1.12.0/stm32cubeide/plugins/com.st.stm32cube.ide.mcu.externaltools.gnu-tools-for-stm32.10.3-2021.10.win32_1.0.200.202301161003/tools/bin/../lib/gcc/arm-none-eabi/10.3.1/../../../../arm-none-eabi/lib/thumb/v6-m/nofp\libc_nano.a(lib_a-nano-vfprintf_i.o)
                0x000000000800676c                _printf_i
 .text.memchr   0x0000000008006990       0x16 c:/st/stm32cubeide_1.12.0/stm32cubeide/plugins/com.st.stm32cube.ide.mcu.externaltools.gnu-tools-for-stm32.10.3-2021.10.win32_1.0.200.202301161003/tools/bin/../lib/gcc/arm-none-eabi/10.3.1/../../../../arm-none-eabi/lib/thumb/v6-m/nofp\libc_nano.a(lib_a-memchr-stub.o)
                0x0000000008006990                memchr
 .text.memmove  0x00000000080069a6       0x26 c:/st/stm32cubeide_1.12.0/stm32cubeide/plugins/com.st.stm32cube.ide.mcu.externaltools.gnu-tools-for-stm32.10.3-2021.10.win32_1.0.200.202301161003/tools/bin/../lib/gcc/arm-none-eabi/10.3.1/../../../../arm-none-eabi/lib/thumb/v6-m/nofp\libc_nano.a(lib_a-memmove.o)
                0x00000000080069a6                memmove
 .text._free_r  0x00000000080069cc       0x94 c:/st/stm32cubeide_1.12.0/stm32cubeide/plugins/com.st.stm32cube.ide.mcu.externaltools.gnu-tools-for-stm32.10.3-2021.10.win32_1.0.200.202301161003/tools/bin/../lib/gcc/arm-none-eabi/10.3.1/../../../../arm-none-eabi/lib/thumb/v6-m/nofp\libc_nano.a(lib_a-nano-freer.o)
                0x00000000080069cc                _free_r
 .text.sbrk_aligned
                0x0000000008006a60       0x44 c:/st/stm32cubeide_1.12.0/stm32cubeide/plugins/com.st.stm32cube.ide.mcu.externaltools.gnu-tools-for-stm32.10.3-2021.10.win32_1.0.200.202301161003/tools/bin/../lib/gcc/arm-none-eabi/10.3.1/../../../../arm-none-eabi/lib/thumb/v6-m/nofp\libc_nano.a(lib_a-nano-mallocr.o)
 .text._malloc_r
                0x0000000008006aa4       0xec c:/st/stm32cubeide_1.12.0/stm32cubeide/plugins/com.st.stm32cube.ide.mcu.externaltools.gnu-tools-for-stm32.10.3-2021.10.win32_1.0.200.202301161003/tools/bin/../lib/gcc/arm-none-eabi/10.3.1/../../../../arm-none-eabi/lib/thumb/v6-m/nofp\libc_nano.a(lib_a-nano-mallocr.o)
                0x0000000008006aa4                _malloc_r
 .text._realloc_r
                0x0000000008006b90       0x5e c:/st/stm32cubeide_1.12.0/stm32cubeide/plugins/com.st.stm32cube.ide.mcu.externaltools.gnu-tools-for-stm32.10.3-2021.10.win32_1.0.200.202301161003/tools/bin/../lib/gcc/arm-none-eabi/10.3.1/../../../../arm-none-eabi/lib/thumb/v6-m/nofp\libc_nano.a(lib_a-nano-reallocr.o)
                0x0000000008006b90                _realloc_r
 *fill*         0x0000000008006bee        0x2 
 .text._sbrk_r  0x0000000008006bf0       0x24 c:/st/stm32cubeide_1.12.0/stm32cubeide/plugins/com.st.stm32cube.ide.mcu.externaltools.gnu-tools-for-stm32.10.3-2021.10.win32_1.0.200.202301161003/tools/bin/../lib/gcc/arm-none-eabi/10.3.1/../../../../arm-none-eabi/lib/thumb/v6-m/nofp\libc_nano.a(lib_a-sbrkr.o)
                0x0000000008006bf0                _sbrk_r
 .text.__malloc_lock
                0x0000000008006c14       0x10 c:/st/stm32cubeide_1.12.0/stm32cubeide/plugins/com.st.stm32cube.ide.mcu.externaltools.gnu-tools-for-stm32.10.3-2021.10.win32_1.0.200.202301161003/tools/bin/../lib/gcc/arm-none-eabi/10.3.1/../../../../arm-none-eabi/lib/thumb/v6-m/nofp\libc_nano.a(lib_a-mlock.o)
                0x0000000008006c14                __malloc_lock
 .text.__malloc_unlock
                0x0000000008006c24       0x10 c:/st/stm32cubeide_1.12.0/stm32cubeide/plugins/com.st.stm32cube.ide.mcu.externaltools.gnu-tools-for-stm32.10.3-2021.10.win32_1.0.200.202301161003/tools/bin/../lib/gcc/arm-none-eabi/10.3.1/../../../../arm-none-eabi/lib/thumb/v6-m/nofp\libc_nano.a(lib_a-mlock.o)
                0x0000000008006c24                __malloc_unlock
 .text._malloc_usable_size_r
                0x0000000008006c34       0x10 c:/st/stm32cubeide_1.12.0/stm32cubeide/plugins/com.st.stm32cube.ide.mcu.externaltools.gnu-tools-for-stm32.10.3-2021.10.win32_1.0.200.202301161003/tools/bin/../lib/gcc/arm-none-eabi/10.3.1/../../../../arm-none-eabi/lib/thumb/v6-m/nofp\libc_nano.a(lib_a-nano-msizer.o)
                0x0000000008006c34                _malloc_usable_size_r
 .text.__retarget_lock_acquire_recursive
                0x0000000008006c44        0x2 c:/st/stm32cubeide_1.12.0/stm32cubeide/plugins/com.st.stm32cube.ide.mcu.externaltools.gnu-tools-for-stm32.10.3-2021.10.win32_1.0.200.202301161003/tools/bin/../lib/gcc/arm-none-eabi/10.3.1/../../../../arm-none-eabi/lib/thumb/v6-m/nofp\libc_nano.a(lib_a-lock.o)
                0x0000000008006c44                __retarget_lock_acquire_recursive
 .text.__retarget_lock_release_recursive
                0x0000000008006c46        0x2 c:/st/stm32cubeide_1.12.0/stm32cubeide/plugins/com.st.stm32cube.ide.mcu.externaltools.gnu-tools-for-stm32.10.3-2021.10.win32_1.0.200.202301161003/tools/bin/../lib/gcc/arm-none-eabi/10.3.1/../../../../arm-none-eabi/lib/thumb/v6-m/nofp\libc_nano.a(lib_a-lock.o)
                0x0000000008006c46                __retarget_lock_release_recursive
 *(.glue_7)
 .glue_7        0x0000000008006c48        0x0 linker stubs
 *(.glue_7t)
 .glue_7t       0x0000000008006c48        0x0 linker stubs
 *(.eh_frame)
 .eh_frame      0x0000000008006c48        0x0 c:/st/stm32cubeide_1.12.0/stm32cubeide/plugins/com.st.stm32cube.ide.mcu.externaltools.gnu-tools-for-stm32.10.3-2021.10.win32_1.0.200.202301161003/tools/bin/../lib/gcc/arm-none-eabi/10.3.1/thumb/v6-m/nofp/crtbegin.o
 *(.init)
 .init          0x0000000008006c48        0x4 c:/st/stm32cubeide_1.12.0/stm32cubeide/plugins/com.st.stm32cube.ide.mcu.externaltools.gnu-tools-for-stm32.10.3-2021.10.win32_1.0.200.202301161003/tools/bin/../lib/gcc/arm-none-eabi/10.3.1/thumb/v6-m/nofp/crti.o
                0x0000000008006c48                _init
 .init          0x0000000008006c4c        0x8 c:/st/stm32cubeide_1.12.0/stm32cubeide/plugins/com.st.stm32cube.ide.mcu.externaltools.gnu-tools-for-stm32.10.3-2021.10.win32_1.0.200.202301161003/tools/bin/../lib/gcc/arm-none-eabi/10.3.1/thumb/v6-m/nofp/crtn.o
 *(.fini)
 .fini          0x0000000008006c54        0x4 c:/st/stm32cubeide_1.12.0/stm32cubeide/plugins/com.st.stm32cube.ide.mcu.externaltools.gnu-tools-for-stm32.10.3-2021.10.win32_1.0.200.202301161003/tools/bin/../lib/gcc/arm-none-eabi/10.3.1/thumb/v6-m/nofp/crti.o
                0x0000000008006c54                _fini
 .fini          0x0000000008006c58        0x8 c:/st/stm32cubeide_1.12.0/stm32cubeide/plugins/com.st.stm32cube.ide.mcu.externaltools.gnu-tools-for-stm32.10.3-2021.10.win32_1.0.200.202301161003/tools/bin/../lib/gcc/arm-none-eabi/10.3.1/thumb/v6-m/nofp/crtn.o
                0x0000000008006c60                . = ALIGN (0x4)
                0x0000000008006c60                _etext = .

.vfp11_veneer   0x0000000008006c60        0x0
 .vfp11_veneer  0x0000000008006c60        0x0 linker stubs

.v4_bx          0x0000000008006c60        0x0
 .v4_bx         0x0000000008006c60        0x0 linker stubs

.iplt           0x0000000008006c60        0x0
 .iplt          0x0000000008006c60        0x0 c:/st/stm32cubeide_1.12.0/stm32cubeide/plugins/com.st.stm32cube.ide.mcu.externaltools.gnu-tools-for-stm32.10.3-2021.10.win32_1.0.200.202301161003/tools/bin/../lib/gcc/arm-none-eabi/10.3.1/thumb/v6-m/nofp/crtbegin.o

.rodata         0x0000000008006c60      0xfb4
                0x0000000008006c60                . = ALIGN (0x4)
 *(.rodata)
 .rodata        0x0000000008006c60       0x30 ./Core/Src/main.o
 .rodata        0x0000000008006c90       0x40 c:/st/stm32cubeide_1.12.0/stm32cubeide/plugins/com.st.stm32cube.ide.mcu.externaltools.gnu-tools-for-stm32.10.3-2021.10.win32_1.0.200.202301161003/tools/bin/../lib/gcc/arm-none-eabi/10.3.1/thumb/v6-m/nofp\libgcc.a(mulsf3.o)
 *(.rodata*)
 .rodata.main   0x0000000008006cd0      0x100 ./Core/Src/main.o
 .rodata.AHBPrescTable
                0x0000000008006dd0       0x40 ./Core/Src/system_stm32g0xx.o
                0x0000000008006dd0                AHBPrescTable
 .rodata.APBPrescTable
                0x0000000008006e10       0x20 ./Core/Src/system_stm32g0xx.o
                0x0000000008006e10                APBPrescTable
 .rodata.Font11x18
                0x0000000008006e30      0xd5c ./Drivers/OLED/ssd1306_fonts.o
 .rodata.HAL_TIM_PWM_ConfigChannel
                0x0000000008007b8c       0x54 ./Drivers/STM32G0xx_HAL_Driver/Src/stm32g0xx_hal_tim.o
 .rodata._svfprintf_r.str1.1
                0x0000000008007be0       0x11 c:/st/stm32cubeide_1.12.0/stm32cubeide/plugins/com.st.stm32cube.ide.mcu.externaltools.gnu-tools-for-stm32.10.3-2021.10.win32_1.0.200.202301161003/tools/bin/../lib/gcc/arm-none-eabi/10.3.1/../../../../arm-none-eabi/lib/thumb/v6-m/nofp\libc_nano.a(lib_a-nano-svfprintf.o)
 .rodata._printf_i.str1.1
                0x0000000008007bf1       0x22 c:/st/stm32cubeide_1.12.0/stm32cubeide/plugins/com.st.stm32cube.ide.mcu.externaltools.gnu-tools-for-stm32.10.3-2021.10.win32_1.0.200.202301161003/tools/bin/../lib/gcc/arm-none-eabi/10.3.1/../../../../arm-none-eabi/lib/thumb/v6-m/nofp\libc_nano.a(lib_a-nano-vfprintf_i.o)
                0x0000000008007c14                . = ALIGN (0x4)
 *fill*         0x0000000008007c13        0x1 

.rel.dyn        0x0000000008007c14        0x0
 .rel.iplt      0x0000000008007c14        0x0 c:/st/stm32cubeide_1.12.0/stm32cubeide/plugins/com.st.stm32cube.ide.mcu.externaltools.gnu-tools-for-stm32.10.3-2021.10.win32_1.0.200.202301161003/tools/bin/../lib/gcc/arm-none-eabi/10.3.1/thumb/v6-m/nofp/crtbegin.o

.ARM.extab      0x0000000008007c14        0x0
                0x0000000008007c14                . = ALIGN (0x4)
 *(.ARM.extab* .gnu.linkonce.armextab.*)
                0x0000000008007c14                . = ALIGN (0x4)

.ARM            0x0000000008007c14        0x0
                0x0000000008007c14                . = ALIGN (0x4)
                0x0000000008007c14                __exidx_start = .
 *(.ARM.exidx*)
                0x0000000008007c14                __exidx_end = .
                0x0000000008007c14                . = ALIGN (0x4)

.preinit_array  0x0000000008007c14        0x0
                0x0000000008007c14                . = ALIGN (0x4)
                0x0000000008007c14                PROVIDE (__preinit_array_start = .)
 *(.preinit_array*)
                0x0000000008007c14                PROVIDE (__preinit_array_end = .)
                0x0000000008007c14                . = ALIGN (0x4)

.init_array     0x0000000008007c14        0x4
                0x0000000008007c14                . = ALIGN (0x4)
                0x0000000008007c14                PROVIDE (__init_array_start = .)
 *(SORT_BY_NAME(.init_array.*))
 *(.init_array*)
 .init_array    0x0000000008007c14        0x4 c:/st/stm32cubeide_1.12.0/stm32cubeide/plugins/com.st.stm32cube.ide.mcu.externaltools.gnu-tools-for-stm32.10.3-2021.10.win32_1.0.200.202301161003/tools/bin/../lib/gcc/arm-none-eabi/10.3.1/thumb/v6-m/nofp/crtbegin.o
                0x0000000008007c18                PROVIDE (__init_array_end = .)
                0x0000000008007c18                . = ALIGN (0x4)

.fini_array     0x0000000008007c18        0x4
                0x0000000008007c18                . = ALIGN (0x4)
                [!provide]                        PROVIDE (__fini_array_start = .)
 *(SORT_BY_NAME(.fini_array.*))
 *(.fini_array*)
 .fini_array    0x0000000008007c18        0x4 c:/st/stm32cubeide_1.12.0/stm32cubeide/plugins/com.st.stm32cube.ide.mcu.externaltools.gnu-tools-for-stm32.10.3-2021.10.win32_1.0.200.202301161003/tools/bin/../lib/gcc/arm-none-eabi/10.3.1/thumb/v6-m/nofp/crtbegin.o
                [!provide]                        PROVIDE (__fini_array_end = .)
                0x0000000008007c1c                . = ALIGN (0x4)
                0x0000000008007c1c                _sidata = LOADADDR (.data)

.data           0x0000000020000000       0x90 load address 0x0000000008007c1c
                0x0000000020000000                . = ALIGN (0x4)
                0x0000000020000000                _sdata = .
 *(.data)
 *(.data*)
 .data.H_FIR    0x0000000020000000       0x14 ./Core/Src/FIRFilter.o
                0x0000000020000000                H_FIR
 .data.btn      0x0000000020000014        0x1 ./Core/Src/main.o
                0x0000000020000014                btn
 *fill*         0x0000000020000015        0x1 
 .data.ref_Temp
                0x0000000020000016        0x2 ./Core/Src/main.o
                0x0000000020000016                ref_Temp
 .data.SystemCoreClock
                0x0000000020000018        0x4 ./Core/Src/system_stm32g0xx.o
                0x0000000020000018                SystemCoreClock
 .data.Font_11x18
                0x000000002000001c        0x8 ./Drivers/OLED/ssd1306_fonts.o
                0x000000002000001c                Font_11x18
 .data.uwTickPrio
                0x0000000020000024        0x4 ./Drivers/STM32G0xx_HAL_Driver/Src/stm32g0xx_hal.o
                0x0000000020000024                uwTickPrio
 .data.uwTickFreq
                0x0000000020000028        0x1 ./Drivers/STM32G0xx_HAL_Driver/Src/stm32g0xx_hal.o
                0x0000000020000028                uwTickFreq
 *fill*         0x0000000020000029        0x3 
 .data._impure_ptr
                0x000000002000002c        0x4 c:/st/stm32cubeide_1.12.0/stm32cubeide/plugins/com.st.stm32cube.ide.mcu.externaltools.gnu-tools-for-stm32.10.3-2021.10.win32_1.0.200.202301161003/tools/bin/../lib/gcc/arm-none-eabi/10.3.1/../../../../arm-none-eabi/lib/thumb/v6-m/nofp\libc_nano.a(lib_a-impure.o)
                0x000000002000002c                _impure_ptr
 .data.impure_data
                0x0000000020000030       0x60 c:/st/stm32cubeide_1.12.0/stm32cubeide/plugins/com.st.stm32cube.ide.mcu.externaltools.gnu-tools-for-stm32.10.3-2021.10.win32_1.0.200.202301161003/tools/bin/../lib/gcc/arm-none-eabi/10.3.1/../../../../arm-none-eabi/lib/thumb/v6-m/nofp\libc_nano.a(lib_a-impure.o)
 *(.RamFunc)
 *(.RamFunc*)
                0x0000000020000090                . = ALIGN (0x4)
                0x0000000020000090                _edata = .

.igot.plt       0x0000000020000090        0x0 load address 0x0000000008007cac
 .igot.plt      0x0000000020000090        0x0 c:/st/stm32cubeide_1.12.0/stm32cubeide/plugins/com.st.stm32cube.ide.mcu.externaltools.gnu-tools-for-stm32.10.3-2021.10.win32_1.0.200.202301161003/tools/bin/../lib/gcc/arm-none-eabi/10.3.1/thumb/v6-m/nofp/crtbegin.o
                0x0000000020000090                . = ALIGN (0x4)

.bss            0x0000000020000090      0x67c load address 0x0000000008007cac
                0x0000000020000090                _sbss = .
                0x0000000020000090                __bss_start__ = _sbss
 *(.bss)
 .bss           0x0000000020000090       0x1c c:/st/stm32cubeide_1.12.0/stm32cubeide/plugins/com.st.stm32cube.ide.mcu.externaltools.gnu-tools-for-stm32.10.3-2021.10.win32_1.0.200.202301161003/tools/bin/../lib/gcc/arm-none-eabi/10.3.1/thumb/v6-m/nofp/crtbegin.o
 *(.bss*)
 .bss.hadc1     0x00000000200000ac       0x64 ./Core/Src/main.o
                0x00000000200000ac                hadc1
 .bss.hi2c1     0x0000000020000110       0x54 ./Core/Src/main.o
                0x0000000020000110                hi2c1
 .bss.hi2c2     0x0000000020000164       0x54 ./Core/Src/main.o
                0x0000000020000164                hi2c2
 .bss.htim1     0x00000000200001b8       0x4c ./Core/Src/main.o
                0x00000000200001b8                htim1
 .bss.htim3     0x0000000020000204       0x4c ./Core/Src/main.o
                0x0000000020000204                htim3
 .bss.fir       0x0000000020000250       0x18 ./Core/Src/main.o
                0x0000000020000250                fir
 .bss.PI_temp   0x0000000020000268       0x20 ./Core/Src/main.o
                0x0000000020000268                PI_temp
 .bss.state     0x0000000020000288        0x2 ./Core/Src/main.o
                0x0000000020000288                state
 .bss.voltage   0x000000002000028a        0x2 ./Core/Src/main.o
                0x000000002000028a                voltage
 .bss.tempVoltage
                0x000000002000028c        0x2 ./Core/Src/main.o
                0x000000002000028c                tempVoltage
 .bss.duty      0x000000002000028e        0x2 ./Core/Src/main.o
                0x000000002000028e                duty
 .bss.temp      0x0000000020000290        0x2 ./Core/Src/main.o
                0x0000000020000290                temp
 *fill*         0x0000000020000292        0x2 
 .bss.string    0x0000000020000294        0x9 ./Core/Src/main.o
                0x0000000020000294                string
 *fill*         0x000000002000029d        0x3 
 .bss.htim17    0x00000000200002a0       0x4c ./Core/Src/stm32g0xx_hal_timebase_tim.o
                0x00000000200002a0                htim17
 .bss.__sbrk_heap_end
                0x00000000200002ec        0x4 ./Core/Src/sysmem.o
 .bss.SSD1306_Buffer
                0x00000000200002f0      0x400 ./Drivers/OLED/ssd1306.o
 .bss.SSD1306   0x00000000200006f0        0x6 ./Drivers/OLED/ssd1306.o
 *fill*         0x00000000200006f6        0x2 
 .bss.uwTick    0x00000000200006f8        0x4 ./Drivers/STM32G0xx_HAL_Driver/Src/stm32g0xx_hal.o
                0x00000000200006f8                uwTick
 .bss.__malloc_free_list
                0x00000000200006fc        0x4 c:/st/stm32cubeide_1.12.0/stm32cubeide/plugins/com.st.stm32cube.ide.mcu.externaltools.gnu-tools-for-stm32.10.3-2021.10.win32_1.0.200.202301161003/tools/bin/../lib/gcc/arm-none-eabi/10.3.1/../../../../arm-none-eabi/lib/thumb/v6-m/nofp\libc_nano.a(lib_a-nano-mallocr.o)
                0x00000000200006fc                __malloc_free_list
 .bss.__malloc_sbrk_start
                0x0000000020000700        0x4 c:/st/stm32cubeide_1.12.0/stm32cubeide/plugins/com.st.stm32cube.ide.mcu.externaltools.gnu-tools-for-stm32.10.3-2021.10.win32_1.0.200.202301161003/tools/bin/../lib/gcc/arm-none-eabi/10.3.1/../../../../arm-none-eabi/lib/thumb/v6-m/nofp\libc_nano.a(lib_a-nano-mallocr.o)
                0x0000000020000700                __malloc_sbrk_start
 .bss.errno     0x0000000020000704        0x4 c:/st/stm32cubeide_1.12.0/stm32cubeide/plugins/com.st.stm32cube.ide.mcu.externaltools.gnu-tools-for-stm32.10.3-2021.10.win32_1.0.200.202301161003/tools/bin/../lib/gcc/arm-none-eabi/10.3.1/../../../../arm-none-eabi/lib/thumb/v6-m/nofp\libc_nano.a(lib_a-reent.o)
                0x0000000020000704                errno
 .bss.__lock___malloc_recursive_mutex
                0x0000000020000708        0x1 c:/st/stm32cubeide_1.12.0/stm32cubeide/plugins/com.st.stm32cube.ide.mcu.externaltools.gnu-tools-for-stm32.10.3-2021.10.win32_1.0.200.202301161003/tools/bin/../lib/gcc/arm-none-eabi/10.3.1/../../../../arm-none-eabi/lib/thumb/v6-m/nofp\libc_nano.a(lib_a-lock.o)
                0x0000000020000708                __lock___malloc_recursive_mutex
 *(COMMON)
                0x000000002000070c                . = ALIGN (0x4)
 *fill*         0x0000000020000709        0x3 
                0x000000002000070c                _ebss = .
                0x000000002000070c                __bss_end__ = _ebss

._user_heap_stack
                0x000000002000070c      0x604 load address 0x0000000008007cac
                0x0000000020000710                . = ALIGN (0x8)
 *fill*         0x000000002000070c        0x4 
                [!provide]                        PROVIDE (end = .)
                0x0000000020000710                PROVIDE (_end = .)
                0x0000000020000910                . = (. + _Min_Heap_Size)
 *fill*         0x0000000020000710      0x200 
                0x0000000020000d10                . = (. + _Min_Stack_Size)
 *fill*         0x0000000020000910      0x400 
                0x0000000020000d10                . = ALIGN (0x8)

/DISCARD/
 libc.a(*)
 libm.a(*)
 libgcc.a(*)

.ARM.attributes
                0x0000000000000000       0x28
 *(.ARM.attributes)
 .ARM.attributes
                0x0000000000000000       0x1e c:/st/stm32cubeide_1.12.0/stm32cubeide/plugins/com.st.stm32cube.ide.mcu.externaltools.gnu-tools-for-stm32.10.3-2021.10.win32_1.0.200.202301161003/tools/bin/../lib/gcc/arm-none-eabi/10.3.1/thumb/v6-m/nofp/crti.o
 .ARM.attributes
                0x000000000000001e       0x2c c:/st/stm32cubeide_1.12.0/stm32cubeide/plugins/com.st.stm32cube.ide.mcu.externaltools.gnu-tools-for-stm32.10.3-2021.10.win32_1.0.200.202301161003/tools/bin/../lib/gcc/arm-none-eabi/10.3.1/thumb/v6-m/nofp/crtbegin.o
 .ARM.attributes
                0x000000000000004a       0x2c ./Core/Src/FIRFilter.o
 .ARM.attributes
                0x0000000000000076       0x2c ./Core/Src/PI.o
 .ARM.attributes
                0x00000000000000a2       0x2c ./Core/Src/main.o
 .ARM.attributes
                0x00000000000000ce       0x2c ./Core/Src/stm32g0xx_hal_msp.o
 .ARM.attributes
                0x00000000000000fa       0x2c ./Core/Src/stm32g0xx_hal_timebase_tim.o
 .ARM.attributes
                0x0000000000000126       0x2c ./Core/Src/stm32g0xx_it.o
 .ARM.attributes
                0x0000000000000152       0x2c ./Core/Src/sysmem.o
 .ARM.attributes
                0x000000000000017e       0x2c ./Core/Src/system_stm32g0xx.o
 .ARM.attributes
                0x00000000000001aa       0x22 ./Core/Startup/startup_stm32g030k8tx.o
 .ARM.attributes
                0x00000000000001cc       0x2c ./Drivers/OLED/ssd1306.o
 .ARM.attributes
                0x00000000000001f8       0x2c ./Drivers/OLED/ssd1306_fonts.o
 .ARM.attributes
                0x0000000000000224       0x2c ./Drivers/STM32G0xx_HAL_Driver/Src/stm32g0xx_hal.o
 .ARM.attributes
                0x0000000000000250       0x2c ./Drivers/STM32G0xx_HAL_Driver/Src/stm32g0xx_hal_adc.o
 .ARM.attributes
                0x000000000000027c       0x2c ./Drivers/STM32G0xx_HAL_Driver/Src/stm32g0xx_hal_adc_ex.o
 .ARM.attributes
                0x00000000000002a8       0x2c ./Drivers/STM32G0xx_HAL_Driver/Src/stm32g0xx_hal_cortex.o
 .ARM.attributes
                0x00000000000002d4       0x2c ./Drivers/STM32G0xx_HAL_Driver/Src/stm32g0xx_hal_gpio.o
 .ARM.attributes
                0x0000000000000300       0x2c ./Drivers/STM32G0xx_HAL_Driver/Src/stm32g0xx_hal_i2c.o
 .ARM.attributes
                0x000000000000032c       0x2c ./Drivers/STM32G0xx_HAL_Driver/Src/stm32g0xx_hal_i2c_ex.o
 .ARM.attributes
                0x0000000000000358       0x2c ./Drivers/STM32G0xx_HAL_Driver/Src/stm32g0xx_hal_pwr_ex.o
 .ARM.attributes
                0x0000000000000384       0x2c ./Drivers/STM32G0xx_HAL_Driver/Src/stm32g0xx_hal_rcc.o
 .ARM.attributes
                0x00000000000003b0       0x2c ./Drivers/STM32G0xx_HAL_Driver/Src/stm32g0xx_hal_rcc_ex.o
 .ARM.attributes
                0x00000000000003dc       0x2c ./Drivers/STM32G0xx_HAL_Driver/Src/stm32g0xx_hal_tim.o
 .ARM.attributes
                0x0000000000000408       0x2c ./Drivers/STM32G0xx_HAL_Driver/Src/stm32g0xx_hal_tim_ex.o
 .ARM.attributes
                0x0000000000000434       0x2c c:/st/stm32cubeide_1.12.0/stm32cubeide/plugins/com.st.stm32cube.ide.mcu.externaltools.gnu-tools-for-stm32.10.3-2021.10.win32_1.0.200.202301161003/tools/bin/../lib/gcc/arm-none-eabi/10.3.1/../../../../arm-none-eabi/lib/thumb/v6-m/nofp\libc_nano.a(lib_a-errno.o)
 .ARM.attributes
                0x0000000000000460       0x2c c:/st/stm32cubeide_1.12.0/stm32cubeide/plugins/com.st.stm32cube.ide.mcu.externaltools.gnu-tools-for-stm32.10.3-2021.10.win32_1.0.200.202301161003/tools/bin/../lib/gcc/arm-none-eabi/10.3.1/../../../../arm-none-eabi/lib/thumb/v6-m/nofp\libc_nano.a(lib_a-impure.o)
 .ARM.attributes
                0x000000000000048c       0x2c c:/st/stm32cubeide_1.12.0/stm32cubeide/plugins/com.st.stm32cube.ide.mcu.externaltools.gnu-tools-for-stm32.10.3-2021.10.win32_1.0.200.202301161003/tools/bin/../lib/gcc/arm-none-eabi/10.3.1/../../../../arm-none-eabi/lib/thumb/v6-m/nofp\libc_nano.a(lib_a-init.o)
 .ARM.attributes
                0x00000000000004b8       0x2c c:/st/stm32cubeide_1.12.0/stm32cubeide/plugins/com.st.stm32cube.ide.mcu.externaltools.gnu-tools-for-stm32.10.3-2021.10.win32_1.0.200.202301161003/tools/bin/../lib/gcc/arm-none-eabi/10.3.1/../../../../arm-none-eabi/lib/thumb/v6-m/nofp\libc_nano.a(lib_a-memcpy-stub.o)
 .ARM.attributes
                0x00000000000004e4       0x2c c:/st/stm32cubeide_1.12.0/stm32cubeide/plugins/com.st.stm32cube.ide.mcu.externaltools.gnu-tools-for-stm32.10.3-2021.10.win32_1.0.200.202301161003/tools/bin/../lib/gcc/arm-none-eabi/10.3.1/../../../../arm-none-eabi/lib/thumb/v6-m/nofp\libc_nano.a(lib_a-memset.o)
 .ARM.attributes
                0x0000000000000510       0x2c c:/st/stm32cubeide_1.12.0/stm32cubeide/plugins/com.st.stm32cube.ide.mcu.externaltools.gnu-tools-for-stm32.10.3-2021.10.win32_1.0.200.202301161003/tools/bin/../lib/gcc/arm-none-eabi/10.3.1/../../../../arm-none-eabi/lib/thumb/v6-m/nofp\libc_nano.a(lib_a-sprintf.o)
 .ARM.attributes
                0x000000000000053c       0x2c c:/st/stm32cubeide_1.12.0/stm32cubeide/plugins/com.st.stm32cube.ide.mcu.externaltools.gnu-tools-for-stm32.10.3-2021.10.win32_1.0.200.202301161003/tools/bin/../lib/gcc/arm-none-eabi/10.3.1/../../../../arm-none-eabi/lib/thumb/v6-m/nofp\libc_nano.a(lib_a-nano-svfprintf.o)
 .ARM.attributes
                0x0000000000000568       0x2c c:/st/stm32cubeide_1.12.0/stm32cubeide/plugins/com.st.stm32cube.ide.mcu.externaltools.gnu-tools-for-stm32.10.3-2021.10.win32_1.0.200.202301161003/tools/bin/../lib/gcc/arm-none-eabi/10.3.1/../../../../arm-none-eabi/lib/thumb/v6-m/nofp\libc_nano.a(lib_a-nano-vfprintf_i.o)
 .ARM.attributes
                0x0000000000000594       0x2c c:/st/stm32cubeide_1.12.0/stm32cubeide/plugins/com.st.stm32cube.ide.mcu.externaltools.gnu-tools-for-stm32.10.3-2021.10.win32_1.0.200.202301161003/tools/bin/../lib/gcc/arm-none-eabi/10.3.1/../../../../arm-none-eabi/lib/thumb/v6-m/nofp\libc_nano.a(lib_a-memchr-stub.o)
 .ARM.attributes
                0x00000000000005c0       0x2c c:/st/stm32cubeide_1.12.0/stm32cubeide/plugins/com.st.stm32cube.ide.mcu.externaltools.gnu-tools-for-stm32.10.3-2021.10.win32_1.0.200.202301161003/tools/bin/../lib/gcc/arm-none-eabi/10.3.1/../../../../arm-none-eabi/lib/thumb/v6-m/nofp\libc_nano.a(lib_a-memmove.o)
 .ARM.attributes
                0x00000000000005ec       0x2c c:/st/stm32cubeide_1.12.0/stm32cubeide/plugins/com.st.stm32cube.ide.mcu.externaltools.gnu-tools-for-stm32.10.3-2021.10.win32_1.0.200.202301161003/tools/bin/../lib/gcc/arm-none-eabi/10.3.1/../../../../arm-none-eabi/lib/thumb/v6-m/nofp\libc_nano.a(lib_a-nano-freer.o)
 .ARM.attributes
                0x0000000000000618       0x2c c:/st/stm32cubeide_1.12.0/stm32cubeide/plugins/com.st.stm32cube.ide.mcu.externaltools.gnu-tools-for-stm32.10.3-2021.10.win32_1.0.200.202301161003/tools/bin/../lib/gcc/arm-none-eabi/10.3.1/../../../../arm-none-eabi/lib/thumb/v6-m/nofp\libc_nano.a(lib_a-nano-mallocr.o)
 .ARM.attributes
                0x0000000000000644       0x2c c:/st/stm32cubeide_1.12.0/stm32cubeide/plugins/com.st.stm32cube.ide.mcu.externaltools.gnu-tools-for-stm32.10.3-2021.10.win32_1.0.200.202301161003/tools/bin/../lib/gcc/arm-none-eabi/10.3.1/../../../../arm-none-eabi/lib/thumb/v6-m/nofp\libc_nano.a(lib_a-nano-reallocr.o)
 .ARM.attributes
                0x0000000000000670       0x2c c:/st/stm32cubeide_1.12.0/stm32cubeide/plugins/com.st.stm32cube.ide.mcu.externaltools.gnu-tools-for-stm32.10.3-2021.10.win32_1.0.200.202301161003/tools/bin/../lib/gcc/arm-none-eabi/10.3.1/../../../../arm-none-eabi/lib/thumb/v6-m/nofp\libc_nano.a(lib_a-sbrkr.o)
 .ARM.attributes
                0x000000000000069c       0x2c c:/st/stm32cubeide_1.12.0/stm32cubeide/plugins/com.st.stm32cube.ide.mcu.externaltools.gnu-tools-for-stm32.10.3-2021.10.win32_1.0.200.202301161003/tools/bin/../lib/gcc/arm-none-eabi/10.3.1/../../../../arm-none-eabi/lib/thumb/v6-m/nofp\libc_nano.a(lib_a-mlock.o)
 .ARM.attributes
                0x00000000000006c8       0x2c c:/st/stm32cubeide_1.12.0/stm32cubeide/plugins/com.st.stm32cube.ide.mcu.externaltools.gnu-tools-for-stm32.10.3-2021.10.win32_1.0.200.202301161003/tools/bin/../lib/gcc/arm-none-eabi/10.3.1/../../../../arm-none-eabi/lib/thumb/v6-m/nofp\libc_nano.a(lib_a-nano-msizer.o)
 .ARM.attributes
                0x00000000000006f4       0x2c c:/st/stm32cubeide_1.12.0/stm32cubeide/plugins/com.st.stm32cube.ide.mcu.externaltools.gnu-tools-for-stm32.10.3-2021.10.win32_1.0.200.202301161003/tools/bin/../lib/gcc/arm-none-eabi/10.3.1/../../../../arm-none-eabi/lib/thumb/v6-m/nofp\libc_nano.a(lib_a-reent.o)
 .ARM.attributes
                0x0000000000000720       0x2c c:/st/stm32cubeide_1.12.0/stm32cubeide/plugins/com.st.stm32cube.ide.mcu.externaltools.gnu-tools-for-stm32.10.3-2021.10.win32_1.0.200.202301161003/tools/bin/../lib/gcc/arm-none-eabi/10.3.1/../../../../arm-none-eabi/lib/thumb/v6-m/nofp\libc_nano.a(lib_a-lock.o)
 .ARM.attributes
                0x000000000000074c       0x1e c:/st/stm32cubeide_1.12.0/stm32cubeide/plugins/com.st.stm32cube.ide.mcu.externaltools.gnu-tools-for-stm32.10.3-2021.10.win32_1.0.200.202301161003/tools/bin/../lib/gcc/arm-none-eabi/10.3.1/thumb/v6-m/nofp\libgcc.a(_thumb1_case_shi.o)
 .ARM.attributes
                0x000000000000076a       0x1e c:/st/stm32cubeide_1.12.0/stm32cubeide/plugins/com.st.stm32cube.ide.mcu.externaltools.gnu-tools-for-stm32.10.3-2021.10.win32_1.0.200.202301161003/tools/bin/../lib/gcc/arm-none-eabi/10.3.1/thumb/v6-m/nofp\libgcc.a(_udivsi3.o)
 .ARM.attributes
                0x0000000000000788       0x1e c:/st/stm32cubeide_1.12.0/stm32cubeide/plugins/com.st.stm32cube.ide.mcu.externaltools.gnu-tools-for-stm32.10.3-2021.10.win32_1.0.200.202301161003/tools/bin/../lib/gcc/arm-none-eabi/10.3.1/thumb/v6-m/nofp\libgcc.a(_dvmd_tls.o)
 .ARM.attributes
                0x00000000000007a6       0x2c c:/st/stm32cubeide_1.12.0/stm32cubeide/plugins/com.st.stm32cube.ide.mcu.externaltools.gnu-tools-for-stm32.10.3-2021.10.win32_1.0.200.202301161003/tools/bin/../lib/gcc/arm-none-eabi/10.3.1/thumb/v6-m/nofp\libgcc.a(mulsf3.o)
 .ARM.attributes
                0x00000000000007d2       0x2c c:/st/stm32cubeide_1.12.0/stm32cubeide/plugins/com.st.stm32cube.ide.mcu.externaltools.gnu-tools-for-stm32.10.3-2021.10.win32_1.0.200.202301161003/tools/bin/../lib/gcc/arm-none-eabi/10.3.1/thumb/v6-m/nofp\libgcc.a(fixsfsi.o)
 .ARM.attributes
                0x00000000000007fe       0x2c c:/st/stm32cubeide_1.12.0/stm32cubeide/plugins/com.st.stm32cube.ide.mcu.externaltools.gnu-tools-for-stm32.10.3-2021.10.win32_1.0.200.202301161003/tools/bin/../lib/gcc/arm-none-eabi/10.3.1/thumb/v6-m/nofp\libgcc.a(floatsisf.o)
 .ARM.attributes
                0x000000000000082a       0x1e c:/st/stm32cubeide_1.12.0/stm32cubeide/plugins/com.st.stm32cube.ide.mcu.externaltools.gnu-tools-for-stm32.10.3-2021.10.win32_1.0.200.202301161003/tools/bin/../lib/gcc/arm-none-eabi/10.3.1/thumb/v6-m/nofp\libgcc.a(_clzsi2.o)
 .ARM.attributes
                0x0000000000000848       0x1e c:/st/stm32cubeide_1.12.0/stm32cubeide/plugins/com.st.stm32cube.ide.mcu.externaltools.gnu-tools-for-stm32.10.3-2021.10.win32_1.0.200.202301161003/tools/bin/../lib/gcc/arm-none-eabi/10.3.1/thumb/v6-m/nofp/crtn.o
OUTPUT(HOT_PLATE.elf elf32-littlearm)
LOAD linker stubs
LOAD c:/st/stm32cubeide_1.12.0/stm32cubeide/plugins/com.st.stm32cube.ide.mcu.externaltools.gnu-tools-for-stm32.10.3-2021.10.win32_1.0.200.202301161003/tools/bin/../lib/gcc/arm-none-eabi/10.3.1/../../../../arm-none-eabi/lib/thumb/v6-m/nofp\libc.a
LOAD c:/st/stm32cubeide_1.12.0/stm32cubeide/plugins/com.st.stm32cube.ide.mcu.externaltools.gnu-tools-for-stm32.10.3-2021.10.win32_1.0.200.202301161003/tools/bin/../lib/gcc/arm-none-eabi/10.3.1/../../../../arm-none-eabi/lib/thumb/v6-m/nofp\libm.a
LOAD c:/st/stm32cubeide_1.12.0/stm32cubeide/plugins/com.st.stm32cube.ide.mcu.externaltools.gnu-tools-for-stm32.10.3-2021.10.win32_1.0.200.202301161003/tools/bin/../lib/gcc/arm-none-eabi/10.3.1/thumb/v6-m/nofp\libgcc.a

.debug_info     0x0000000000000000    0x1315f
 .debug_info    0x0000000000000000      0x193 ./Core/Src/FIRFilter.o
 .debug_info    0x0000000000000193      0x1c7 ./Core/Src/PI.o
 .debug_info    0x000000000000035a     0x1e96 ./Core/Src/main.o
 .debug_info    0x00000000000021f0     0x1542 ./Core/Src/stm32g0xx_hal_msp.o
 .debug_info    0x0000000000003732      0xbbd ./Core/Src/stm32g0xx_hal_timebase_tim.o
 .debug_info    0x00000000000042ef      0xbda ./Core/Src/stm32g0xx_it.o
 .debug_info    0x0000000000004ec9      0x171 ./Core/Src/sysmem.o
 .debug_info    0x000000000000503a      0x34d ./Core/Src/system_stm32g0xx.o
 .debug_info    0x0000000000005387       0x22 ./Core/Startup/startup_stm32g030k8tx.o
 .debug_info    0x00000000000053a9     0x14d9 ./Drivers/OLED/ssd1306.o
 .debug_info    0x0000000000006882      0x236 ./Drivers/OLED/ssd1306_fonts.o
 .debug_info    0x0000000000006ab8      0x94e ./Drivers/STM32G0xx_HAL_Driver/Src/stm32g0xx_hal.o
 .debug_info    0x0000000000007406     0x1600 ./Drivers/STM32G0xx_HAL_Driver/Src/stm32g0xx_hal_adc.o
 .debug_info    0x0000000000008a06      0xacb ./Drivers/STM32G0xx_HAL_Driver/Src/stm32g0xx_hal_adc_ex.o
 .debug_info    0x00000000000094d1      0x8dd ./Drivers/STM32G0xx_HAL_Driver/Src/stm32g0xx_hal_cortex.o
 .debug_info    0x0000000000009dae      0x5d7 ./Drivers/STM32G0xx_HAL_Driver/Src/stm32g0xx_hal_gpio.o
 .debug_info    0x000000000000a385     0x235d ./Drivers/STM32G0xx_HAL_Driver/Src/stm32g0xx_hal_i2c.o
 .debug_info    0x000000000000c6e2      0xa7f ./Drivers/STM32G0xx_HAL_Driver/Src/stm32g0xx_hal_i2c_ex.o
 .debug_info    0x000000000000d161      0x4e8 ./Drivers/STM32G0xx_HAL_Driver/Src/stm32g0xx_hal_pwr_ex.o
 .debug_info    0x000000000000d649      0xb18 ./Drivers/STM32G0xx_HAL_Driver/Src/stm32g0xx_hal_rcc.o
 .debug_info    0x000000000000e161      0x7d0 ./Drivers/STM32G0xx_HAL_Driver/Src/stm32g0xx_hal_rcc_ex.o
 .debug_info    0x000000000000e931     0x2e15 ./Drivers/STM32G0xx_HAL_Driver/Src/stm32g0xx_hal_tim.o
 .debug_info    0x0000000000011746     0x1a19 ./Drivers/STM32G0xx_HAL_Driver/Src/stm32g0xx_hal_tim_ex.o

.debug_abbrev   0x0000000000000000     0x2c9e
 .debug_abbrev  0x0000000000000000      0x10f ./Core/Src/FIRFilter.o
 .debug_abbrev  0x000000000000010f       0xbf ./Core/Src/PI.o
 .debug_abbrev  0x00000000000001ce      0x321 ./Core/Src/main.o
 .debug_abbrev  0x00000000000004ef      0x25b ./Core/Src/stm32g0xx_hal_msp.o
 .debug_abbrev  0x000000000000074a      0x213 ./Core/Src/stm32g0xx_hal_timebase_tim.o
 .debug_abbrev  0x000000000000095d      0x19a ./Core/Src/stm32g0xx_it.o
 .debug_abbrev  0x0000000000000af7       0xbb ./Core/Src/sysmem.o
 .debug_abbrev  0x0000000000000bb2      0x116 ./Core/Src/system_stm32g0xx.o
 .debug_abbrev  0x0000000000000cc8       0x12 ./Core/Startup/startup_stm32g030k8tx.o
 .debug_abbrev  0x0000000000000cda      0x361 ./Drivers/OLED/ssd1306.o
 .debug_abbrev  0x000000000000103b       0xbe ./Drivers/OLED/ssd1306_fonts.o
 .debug_abbrev  0x00000000000010f9      0x2a9 ./Drivers/STM32G0xx_HAL_Driver/Src/stm32g0xx_hal.o
 .debug_abbrev  0x00000000000013a2      0x26c ./Drivers/STM32G0xx_HAL_Driver/Src/stm32g0xx_hal_adc.o
 .debug_abbrev  0x000000000000160e      0x23d ./Drivers/STM32G0xx_HAL_Driver/Src/stm32g0xx_hal_adc_ex.o
 .debug_abbrev  0x000000000000184b      0x29f ./Drivers/STM32G0xx_HAL_Driver/Src/stm32g0xx_hal_cortex.o
 .debug_abbrev  0x0000000000001aea      0x1b9 ./Drivers/STM32G0xx_HAL_Driver/Src/stm32g0xx_hal_gpio.o
 .debug_abbrev  0x0000000000001ca3      0x27e ./Drivers/STM32G0xx_HAL_Driver/Src/stm32g0xx_hal_i2c.o
 .debug_abbrev  0x0000000000001f21      0x1d7 ./Drivers/STM32G0xx_HAL_Driver/Src/stm32g0xx_hal_i2c_ex.o
 .debug_abbrev  0x00000000000020f8      0x1d1 ./Drivers/STM32G0xx_HAL_Driver/Src/stm32g0xx_hal_pwr_ex.o
 .debug_abbrev  0x00000000000022c9      0x2a3 ./Drivers/STM32G0xx_HAL_Driver/Src/stm32g0xx_hal_rcc.o
 .debug_abbrev  0x000000000000256c      0x21a ./Drivers/STM32G0xx_HAL_Driver/Src/stm32g0xx_hal_rcc_ex.o
 .debug_abbrev  0x0000000000002786      0x286 ./Drivers/STM32G0xx_HAL_Driver/Src/stm32g0xx_hal_tim.o
 .debug_abbrev  0x0000000000002a0c      0x292 ./Drivers/STM32G0xx_HAL_Driver/Src/stm32g0xx_hal_tim_ex.o

.debug_aranges  0x0000000000000000     0x11f0
 .debug_aranges
                0x0000000000000000       0x28 ./Core/Src/FIRFilter.o
 .debug_aranges
                0x0000000000000028       0x28 ./Core/Src/PI.o
 .debug_aranges
                0x0000000000000050       0x80 ./Core/Src/main.o
 .debug_aranges
                0x00000000000000d0       0x68 ./Core/Src/stm32g0xx_hal_msp.o
 .debug_aranges
                0x0000000000000138       0x30 ./Core/Src/stm32g0xx_hal_timebase_tim.o
 .debug_aranges
                0x0000000000000168       0x60 ./Core/Src/stm32g0xx_it.o
 .debug_aranges
                0x00000000000001c8       0x20 ./Core/Src/sysmem.o
 .debug_aranges
                0x00000000000001e8       0x28 ./Core/Src/system_stm32g0xx.o
 .debug_aranges
                0x0000000000000210       0x28 ./Core/Startup/startup_stm32g030k8tx.o
 .debug_aranges
                0x0000000000000238      0x100 ./Drivers/OLED/ssd1306.o
 .debug_aranges
                0x0000000000000338       0x18 ./Drivers/OLED/ssd1306_fonts.o
 .debug_aranges
                0x0000000000000350      0x100 ./Drivers/STM32G0xx_HAL_Driver/Src/stm32g0xx_hal.o
 .debug_aranges
                0x0000000000000450      0x1f0 ./Drivers/STM32G0xx_HAL_Driver/Src/stm32g0xx_hal_adc.o
 .debug_aranges
                0x0000000000000640       0xa0 ./Drivers/STM32G0xx_HAL_Driver/Src/stm32g0xx_hal_adc_ex.o
 .debug_aranges
                0x00000000000006e0       0xd8 ./Drivers/STM32G0xx_HAL_Driver/Src/stm32g0xx_hal_cortex.o
 .debug_aranges
                0x00000000000007b8       0x60 ./Drivers/STM32G0xx_HAL_Driver/Src/stm32g0xx_hal_gpio.o
 .debug_aranges
                0x0000000000000818      0x2a0 ./Drivers/STM32G0xx_HAL_Driver/Src/stm32g0xx_hal_i2c.o
 .debug_aranges
                0x0000000000000ab8       0x48 ./Drivers/STM32G0xx_HAL_Driver/Src/stm32g0xx_hal_i2c_ex.o
 .debug_aranges
                0x0000000000000b00       0x98 ./Drivers/STM32G0xx_HAL_Driver/Src/stm32g0xx_hal_pwr_ex.o
 .debug_aranges
                0x0000000000000b98       0xa0 ./Drivers/STM32G0xx_HAL_Driver/Src/stm32g0xx_hal_rcc.o
 .debug_aranges
                0x0000000000000c38       0x40 ./Drivers/STM32G0xx_HAL_Driver/Src/stm32g0xx_hal_rcc_ex.o
 .debug_aranges
                0x0000000000000c78      0x3e0 ./Drivers/STM32G0xx_HAL_Driver/Src/stm32g0xx_hal_tim.o
 .debug_aranges
                0x0000000000001058      0x198 ./Drivers/STM32G0xx_HAL_Driver/Src/stm32g0xx_hal_tim_ex.o

.debug_ranges   0x0000000000000000     0x1080
 .debug_ranges  0x0000000000000000       0x18 ./Core/Src/FIRFilter.o
 .debug_ranges  0x0000000000000018       0x18 ./Core/Src/PI.o
 .debug_ranges  0x0000000000000030       0x70 ./Core/Src/main.o
 .debug_ranges  0x00000000000000a0       0x58 ./Core/Src/stm32g0xx_hal_msp.o
 .debug_ranges  0x00000000000000f8       0x20 ./Core/Src/stm32g0xx_hal_timebase_tim.o
 .debug_ranges  0x0000000000000118       0x50 ./Core/Src/stm32g0xx_it.o
 .debug_ranges  0x0000000000000168       0x10 ./Core/Src/sysmem.o
 .debug_ranges  0x0000000000000178       0x18 ./Core/Src/system_stm32g0xx.o
 .debug_ranges  0x0000000000000190       0x20 ./Core/Startup/startup_stm32g030k8tx.o
 .debug_ranges  0x00000000000001b0       0xf0 ./Drivers/OLED/ssd1306.o
 .debug_ranges  0x00000000000002a0       0xf0 ./Drivers/STM32G0xx_HAL_Driver/Src/stm32g0xx_hal.o
 .debug_ranges  0x0000000000000390      0x1e0 ./Drivers/STM32G0xx_HAL_Driver/Src/stm32g0xx_hal_adc.o
 .debug_ranges  0x0000000000000570       0x90 ./Drivers/STM32G0xx_HAL_Driver/Src/stm32g0xx_hal_adc_ex.o
 .debug_ranges  0x0000000000000600       0xc8 ./Drivers/STM32G0xx_HAL_Driver/Src/stm32g0xx_hal_cortex.o
 .debug_ranges  0x00000000000006c8       0x50 ./Drivers/STM32G0xx_HAL_Driver/Src/stm32g0xx_hal_gpio.o
 .debug_ranges  0x0000000000000718      0x290 ./Drivers/STM32G0xx_HAL_Driver/Src/stm32g0xx_hal_i2c.o
 .debug_ranges  0x00000000000009a8       0x38 ./Drivers/STM32G0xx_HAL_Driver/Src/stm32g0xx_hal_i2c_ex.o
 .debug_ranges  0x00000000000009e0       0x88 ./Drivers/STM32G0xx_HAL_Driver/Src/stm32g0xx_hal_pwr_ex.o
 .debug_ranges  0x0000000000000a68       0x90 ./Drivers/STM32G0xx_HAL_Driver/Src/stm32g0xx_hal_rcc.o
 .debug_ranges  0x0000000000000af8       0x30 ./Drivers/STM32G0xx_HAL_Driver/Src/stm32g0xx_hal_rcc_ex.o
 .debug_ranges  0x0000000000000b28      0x3d0 ./Drivers/STM32G0xx_HAL_Driver/Src/stm32g0xx_hal_tim.o
 .debug_ranges  0x0000000000000ef8      0x188 ./Drivers/STM32G0xx_HAL_Driver/Src/stm32g0xx_hal_tim_ex.o

.debug_macro    0x0000000000000000    0x17b70
 .debug_macro   0x0000000000000000      0x1af ./Core/Src/FIRFilter.o
 .debug_macro   0x00000000000001af      0xa4e ./Core/Src/FIRFilter.o
 .debug_macro   0x0000000000000bfd       0x22 ./Core/Src/FIRFilter.o
 .debug_macro   0x0000000000000c1f       0x4c ./Core/Src/FIRFilter.o
 .debug_macro   0x0000000000000c6b       0x18 ./Core/Src/FIRFilter.o
 .debug_macro   0x0000000000000c83       0x94 ./Core/Src/FIRFilter.o
 .debug_macro   0x0000000000000d17       0x3c ./Core/Src/FIRFilter.o
 .debug_macro   0x0000000000000d53       0x34 ./Core/Src/FIRFilter.o
 .debug_macro   0x0000000000000d87       0x16 ./Core/Src/FIRFilter.o
 .debug_macro   0x0000000000000d9d       0x57 ./Core/Src/FIRFilter.o
 .debug_macro   0x0000000000000df4       0x97 ./Core/Src/FIRFilter.o
 .debug_macro   0x0000000000000e8b      0x341 ./Core/Src/FIRFilter.o
 .debug_macro   0x00000000000011cc       0xfd ./Core/Src/FIRFilter.o
 .debug_macro   0x00000000000012c9       0x10 ./Core/Src/FIRFilter.o
 .debug_macro   0x00000000000012d9       0x16 ./Core/Src/FIRFilter.o
 .debug_macro   0x00000000000012ef       0x43 ./Core/Src/FIRFilter.o
 .debug_macro   0x0000000000001332       0x34 ./Core/Src/FIRFilter.o
 .debug_macro   0x0000000000001366       0x10 ./Core/Src/FIRFilter.o
 .debug_macro   0x0000000000001376       0x58 ./Core/Src/FIRFilter.o
 .debug_macro   0x00000000000013ce       0x71 ./Core/Src/FIRFilter.o
 .debug_macro   0x000000000000143f       0x1c ./Core/Src/FIRFilter.o
 .debug_macro   0x000000000000145b      0x12a ./Core/Src/FIRFilter.o
 .debug_macro   0x0000000000001585       0x10 ./Core/Src/FIRFilter.o
 .debug_macro   0x0000000000001595       0x6a ./Core/Src/FIRFilter.o
 .debug_macro   0x00000000000015ff       0x1c ./Core/Src/FIRFilter.o
 .debug_macro   0x000000000000161b       0x52 ./Core/Src/FIRFilter.o
 .debug_macro   0x000000000000166d       0x22 ./Core/Src/FIRFilter.o
 .debug_macro   0x000000000000168f       0x10 ./Core/Src/FIRFilter.o
 .debug_macro   0x000000000000169f       0x52 ./Core/Src/FIRFilter.o
 .debug_macro   0x00000000000016f1       0xd5 ./Core/Src/FIRFilter.o
 .debug_macro   0x00000000000017c6       0x1c ./Core/Src/FIRFilter.o
 .debug_macro   0x00000000000017e2       0x3d ./Core/Src/FIRFilter.o
 .debug_macro   0x000000000000181f       0x16 ./Core/Src/FIRFilter.o
 .debug_macro   0x0000000000001835      0x145 ./Core/Src/FIRFilter.o
 .debug_macro   0x000000000000197a      0x1ae ./Core/Src/PI.o
 .debug_macro   0x0000000000001b28       0x16 ./Core/Src/PI.o
 .debug_macro   0x0000000000001b3e      0x3bb ./Core/Src/main.o
 .debug_macro   0x0000000000001ef9      0x123 ./Core/Src/main.o
 .debug_macro   0x000000000000201c       0x2e ./Core/Src/main.o
 .debug_macro   0x000000000000204a       0x28 ./Core/Src/main.o
 .debug_macro   0x0000000000002072       0x8e ./Core/Src/main.o
 .debug_macro   0x0000000000002100       0x51 ./Core/Src/main.o
 .debug_macro   0x0000000000002151      0x103 ./Core/Src/main.o
 .debug_macro   0x0000000000002254      0x1df ./Core/Src/main.o
 .debug_macro   0x0000000000002433       0x1c ./Core/Src/main.o
 .debug_macro   0x000000000000244f       0x22 ./Core/Src/main.o
 .debug_macro   0x0000000000002471       0xd1 ./Core/Src/main.o
 .debug_macro   0x0000000000002542      0x4da ./Core/Src/main.o
 .debug_macro   0x0000000000002a1c      0x11f ./Core/Src/main.o
 .debug_macro   0x0000000000002b3b     0xa0c5 ./Core/Src/main.o
 .debug_macro   0x000000000000cc00       0x66 ./Core/Src/main.o
 .debug_macro   0x000000000000cc66     0x34fd ./Core/Src/main.o
 .debug_macro   0x0000000000010163      0x174 ./Core/Src/main.o
 .debug_macro   0x00000000000102d7       0x5c ./Core/Src/main.o
 .debug_macro   0x0000000000010333      0x485 ./Core/Src/main.o
 .debug_macro   0x00000000000107b8      0xdcd ./Core/Src/main.o
 .debug_macro   0x0000000000011585      0x106 ./Core/Src/main.o
 .debug_macro   0x000000000001168b      0x1cf ./Core/Src/main.o
 .debug_macro   0x000000000001185a       0xff ./Core/Src/main.o
 .debug_macro   0x0000000000011959      0x33c ./Core/Src/main.o
 .debug_macro   0x0000000000011c95      0x202 ./Core/Src/main.o
 .debug_macro   0x0000000000011e97      0x2c7 ./Core/Src/main.o
 .debug_macro   0x000000000001215e      0x198 ./Core/Src/main.o
 .debug_macro   0x00000000000122f6       0x43 ./Core/Src/main.o
 .debug_macro   0x0000000000012339      0x1f1 ./Core/Src/main.o
 .debug_macro   0x000000000001252a      0x8a1 ./Core/Src/main.o
 .debug_macro   0x0000000000012dcb      0x5ad ./Core/Src/main.o
 .debug_macro   0x0000000000013378       0x2e ./Core/Src/main.o
 .debug_macro   0x00000000000133a6      0x1d6 ./Core/Src/main.o
 .debug_macro   0x000000000001357c      0x2a3 ./Core/Src/main.o
 .debug_macro   0x000000000001381f       0x28 ./Core/Src/main.o
 .debug_macro   0x0000000000013847       0xcf ./Core/Src/main.o
 .debug_macro   0x0000000000013916      0x22c ./Core/Src/main.o
 .debug_macro   0x0000000000013b42       0x67 ./Core/Src/main.o
 .debug_macro   0x0000000000013ba9       0xa5 ./Core/Src/main.o
 .debug_macro   0x0000000000013c4e       0xff ./Core/Src/main.o
 .debug_macro   0x0000000000013d4d      0x10d ./Core/Src/main.o
 .debug_macro   0x0000000000013e5a      0xabb ./Core/Src/main.o
 .debug_macro   0x0000000000014915       0xfa ./Core/Src/main.o
 .debug_macro   0x0000000000014a0f      0x412 ./Core/Src/main.o
 .debug_macro   0x0000000000014e21       0x9a ./Core/Src/main.o
 .debug_macro   0x0000000000014ebb       0x52 ./Core/Src/main.o
 .debug_macro   0x0000000000014f0d       0x35 ./Core/Src/main.o
 .debug_macro   0x0000000000014f42       0x58 ./Core/Src/main.o
 .debug_macro   0x0000000000014f9a       0x10 ./Core/Src/main.o
 .debug_macro   0x0000000000014faa       0x34 ./Core/Src/main.o
 .debug_macro   0x0000000000014fde       0x10 ./Core/Src/main.o
 .debug_macro   0x0000000000014fee       0x1c ./Core/Src/main.o
 .debug_macro   0x000000000001500a      0x21b ./Core/Src/stm32g0xx_hal_msp.o
 .debug_macro   0x0000000000015225      0x20c ./Core/Src/stm32g0xx_hal_timebase_tim.o
 .debug_macro   0x0000000000015431      0x225 ./Core/Src/stm32g0xx_it.o
 .debug_macro   0x0000000000015656       0xff ./Core/Src/sysmem.o
 .debug_macro   0x0000000000015755      0x23b ./Core/Src/sysmem.o
 .debug_macro   0x0000000000015990      0x20c ./Core/Src/system_stm32g0xx.o
 .debug_macro   0x0000000000015b9c      0x340 ./Drivers/OLED/ssd1306.o
 .debug_macro   0x0000000000015edc       0x28 ./Drivers/OLED/ssd1306.o
 .debug_macro   0x0000000000015f04      0x19b ./Drivers/OLED/ssd1306.o
 .debug_macro   0x000000000001609f       0x16 ./Drivers/OLED/ssd1306.o
 .debug_macro   0x00000000000160b5       0x20 ./Drivers/OLED/ssd1306.o
 .debug_macro   0x00000000000160d5       0x76 ./Drivers/OLED/ssd1306_fonts.o
 .debug_macro   0x000000000001614b      0x22a ./Drivers/STM32G0xx_HAL_Driver/Src/stm32g0xx_hal.o
 .debug_macro   0x0000000000016375      0x230 ./Drivers/STM32G0xx_HAL_Driver/Src/stm32g0xx_hal_adc.o
 .debug_macro   0x00000000000165a5      0x218 ./Drivers/STM32G0xx_HAL_Driver/Src/stm32g0xx_hal_adc_ex.o
 .debug_macro   0x00000000000167bd      0x20c ./Drivers/STM32G0xx_HAL_Driver/Src/stm32g0xx_hal_cortex.o
 .debug_macro   0x00000000000169c9      0x213 ./Drivers/STM32G0xx_HAL_Driver/Src/stm32g0xx_hal_gpio.o
 .debug_macro   0x0000000000016bdc      0x2d8 ./Drivers/STM32G0xx_HAL_Driver/Src/stm32g0xx_hal_i2c.o
 .debug_macro   0x0000000000016eb4      0x20c ./Drivers/STM32G0xx_HAL_Driver/Src/stm32g0xx_hal_i2c_ex.o
 .debug_macro   0x00000000000170c0      0x21e ./Drivers/STM32G0xx_HAL_Driver/Src/stm32g0xx_hal_pwr_ex.o
 .debug_macro   0x00000000000172de      0x248 ./Drivers/STM32G0xx_HAL_Driver/Src/stm32g0xx_hal_rcc.o
 .debug_macro   0x0000000000017526      0x224 ./Drivers/STM32G0xx_HAL_Driver/Src/stm32g0xx_hal_rcc_ex.o
 .debug_macro   0x000000000001774a      0x214 ./Drivers/STM32G0xx_HAL_Driver/Src/stm32g0xx_hal_tim.o
 .debug_macro   0x000000000001795e      0x212 ./Drivers/STM32G0xx_HAL_Driver/Src/stm32g0xx_hal_tim_ex.o

.debug_line     0x0000000000000000    0x15421
 .debug_line    0x0000000000000000      0x652 ./Core/Src/FIRFilter.o
 .debug_line    0x0000000000000652      0x5df ./Core/Src/PI.o
 .debug_line    0x0000000000000c31      0xe69 ./Core/Src/main.o
 .debug_line    0x0000000000001a9a      0x8c9 ./Core/Src/stm32g0xx_hal_msp.o
 .debug_line    0x0000000000002363      0x7c4 ./Core/Src/stm32g0xx_hal_timebase_tim.o
 .debug_line    0x0000000000002b27      0x80c ./Core/Src/stm32g0xx_it.o
 .debug_line    0x0000000000003333      0x4f4 ./Core/Src/sysmem.o
 .debug_line    0x0000000000003827      0x7be ./Core/Src/system_stm32g0xx.o
 .debug_line    0x0000000000003fe5       0x89 ./Core/Startup/startup_stm32g030k8tx.o
 .debug_line    0x000000000000406e     0x110a ./Drivers/OLED/ssd1306.o
 .debug_line    0x0000000000005178      0x3a1 ./Drivers/OLED/ssd1306_fonts.o
 .debug_line    0x0000000000005519      0xa79 ./Drivers/STM32G0xx_HAL_Driver/Src/stm32g0xx_hal.o
 .debug_line    0x0000000000005f92     0x18a2 ./Drivers/STM32G0xx_HAL_Driver/Src/stm32g0xx_hal_adc.o
 .debug_line    0x0000000000007834      0xa27 ./Drivers/STM32G0xx_HAL_Driver/Src/stm32g0xx_hal_adc_ex.o
 .debug_line    0x000000000000825b      0xb75 ./Drivers/STM32G0xx_HAL_Driver/Src/stm32g0xx_hal_cortex.o
 .debug_line    0x0000000000008dd0      0xb61 ./Drivers/STM32G0xx_HAL_Driver/Src/stm32g0xx_hal_gpio.o
 .debug_line    0x0000000000009931     0x3707 ./Drivers/STM32G0xx_HAL_Driver/Src/stm32g0xx_hal_i2c.o
 .debug_line    0x000000000000d038      0x969 ./Drivers/STM32G0xx_HAL_Driver/Src/stm32g0xx_hal_i2c_ex.o
 .debug_line    0x000000000000d9a1      0x991 ./Drivers/STM32G0xx_HAL_Driver/Src/stm32g0xx_hal_pwr_ex.o
 .debug_line    0x000000000000e332      0xf09 ./Drivers/STM32G0xx_HAL_Driver/Src/stm32g0xx_hal_rcc.o
 .debug_line    0x000000000000f23b      0xacb ./Drivers/STM32G0xx_HAL_Driver/Src/stm32g0xx_hal_rcc_ex.o
 .debug_line    0x000000000000fd06     0x3b1f ./Drivers/STM32G0xx_HAL_Driver/Src/stm32g0xx_hal_tim.o
 .debug_line    0x0000000000013825     0x1bfc ./Drivers/STM32G0xx_HAL_Driver/Src/stm32g0xx_hal_tim_ex.o

.debug_str      0x0000000000000000    0x92940
 .debug_str     0x0000000000000000     0x70cf ./Core/Src/FIRFilter.o
                                       0x723c (size before relaxing)
 .debug_str     0x00000000000070cf       0xcf ./Core/Src/PI.o
                                       0x7283 (size before relaxing)
 .debug_str     0x000000000000719e    0x86776 ./Core/Src/main.o
                                      0x8e17d (size before relaxing)
 .debug_str     0x000000000008d914      0x1b7 ./Core/Src/stm32g0xx_hal_msp.o
                                      0x89ac1 (size before relaxing)
 .debug_str     0x000000000008dacb       0xf6 ./Core/Src/stm32g0xx_hal_timebase_tim.o
                                      0x891e9 (size before relaxing)
 .debug_str     0x000000000008dbc1       0xfd ./Core/Src/stm32g0xx_it.o
                                      0x8942c (size before relaxing)
 .debug_str     0x000000000008dcbe      0x4da ./Core/Src/sysmem.o
                                       0x5cc5 (size before relaxing)
 .debug_str     0x000000000008e198       0x8e ./Core/Src/system_stm32g0xx.o
                                      0x88956 (size before relaxing)
 .debug_str     0x000000000008e226       0x36 ./Core/Startup/startup_stm32g030k8tx.o
                                         0x73 (size before relaxing)
 .debug_str     0x000000000008e25c      0xdce ./Drivers/OLED/ssd1306.o
                                      0x8cc95 (size before relaxing)
 .debug_str     0x000000000008f02a       0x78 ./Drivers/OLED/ssd1306_fonts.o
                                       0x3d20 (size before relaxing)
 .debug_str     0x000000000008f0a2      0x410 ./Drivers/STM32G0xx_HAL_Driver/Src/stm32g0xx_hal.o
                                      0x88fe1 (size before relaxing)
 .debug_str     0x000000000008f4b2      0x88a ./Drivers/STM32G0xx_HAL_Driver/Src/stm32g0xx_hal_adc.o
                                      0x8970f (size before relaxing)
 .debug_str     0x000000000008fd3c      0x197 ./Drivers/STM32G0xx_HAL_Driver/Src/stm32g0xx_hal_adc_ex.o
                                      0x89082 (size before relaxing)
 .debug_str     0x000000000008fed3      0x249 ./Drivers/STM32G0xx_HAL_Driver/Src/stm32g0xx_hal_cortex.o
                                      0x88d70 (size before relaxing)
 .debug_str     0x000000000009011c       0xfc ./Drivers/STM32G0xx_HAL_Driver/Src/stm32g0xx_hal_gpio.o
                                      0x88a8b (size before relaxing)
 .debug_str     0x0000000000090218      0xda5 ./Drivers/STM32G0xx_HAL_Driver/Src/stm32g0xx_hal_i2c.o
                                      0x89d25 (size before relaxing)
 .debug_str     0x0000000000090fbd       0xb8 ./Drivers/STM32G0xx_HAL_Driver/Src/stm32g0xx_hal_i2c_ex.o
                                      0x88fbf (size before relaxing)
 .debug_str     0x0000000000091075      0x211 ./Drivers/STM32G0xx_HAL_Driver/Src/stm32g0xx_hal_pwr_ex.o
                                      0x88baa (size before relaxing)
 .debug_str     0x0000000000091286      0x30f ./Drivers/STM32G0xx_HAL_Driver/Src/stm32g0xx_hal_rcc.o
                                      0x88f47 (size before relaxing)
 .debug_str     0x0000000000091595      0x185 ./Drivers/STM32G0xx_HAL_Driver/Src/stm32g0xx_hal_rcc_ex.o
                                      0x88c92 (size before relaxing)
 .debug_str     0x000000000009171a      0xd29 ./Drivers/STM32G0xx_HAL_Driver/Src/stm32g0xx_hal_tim.o
                                      0x89e88 (size before relaxing)
 .debug_str     0x0000000000092443      0x4fd ./Drivers/STM32G0xx_HAL_Driver/Src/stm32g0xx_hal_tim_ex.o
                                      0x89826 (size before relaxing)

.comment        0x0000000000000000       0x50
 .comment       0x0000000000000000       0x50 ./Core/Src/FIRFilter.o
                                         0x51 (size before relaxing)
 .comment       0x0000000000000050       0x51 ./Core/Src/PI.o
 .comment       0x0000000000000050       0x51 ./Core/Src/main.o
 .comment       0x0000000000000050       0x51 ./Core/Src/stm32g0xx_hal_msp.o
 .comment       0x0000000000000050       0x51 ./Core/Src/stm32g0xx_hal_timebase_tim.o
 .comment       0x0000000000000050       0x51 ./Core/Src/stm32g0xx_it.o
 .comment       0x0000000000000050       0x51 ./Core/Src/sysmem.o
 .comment       0x0000000000000050       0x51 ./Core/Src/system_stm32g0xx.o
 .comment       0x0000000000000050       0x51 ./Drivers/OLED/ssd1306.o
 .comment       0x0000000000000050       0x51 ./Drivers/OLED/ssd1306_fonts.o
 .comment       0x0000000000000050       0x51 ./Drivers/STM32G0xx_HAL_Driver/Src/stm32g0xx_hal.o
 .comment       0x0000000000000050       0x51 ./Drivers/STM32G0xx_HAL_Driver/Src/stm32g0xx_hal_adc.o
 .comment       0x0000000000000050       0x51 ./Drivers/STM32G0xx_HAL_Driver/Src/stm32g0xx_hal_adc_ex.o
 .comment       0x0000000000000050       0x51 ./Drivers/STM32G0xx_HAL_Driver/Src/stm32g0xx_hal_cortex.o
 .comment       0x0000000000000050       0x51 ./Drivers/STM32G0xx_HAL_Driver/Src/stm32g0xx_hal_gpio.o
 .comment       0x0000000000000050       0x51 ./Drivers/STM32G0xx_HAL_Driver/Src/stm32g0xx_hal_i2c.o
 .comment       0x0000000000000050       0x51 ./Drivers/STM32G0xx_HAL_Driver/Src/stm32g0xx_hal_i2c_ex.o