../Core/Src/main.c:101:5:main	24	static
../Core/Src/main.c:266:6:SystemClock_Config	88	static
../Core/Src/main.c:312:13:MX_ADC1_Init	24	static
../Core/Src/main.c:371:13:MX_I2C1_Init	8	static
../Core/Src/main.c:419:13:MX_I2C2_Init	8	static
../Core/Src/main.c:467:13:MX_TIM1_Init	104	static
../Core/Src/main.c:538:13:MX_TIM3_Init	64	static
../Core/Src/main.c:597:13:MX_GPIO_Init	48	static
../Core/Src/main.c:648:13:ssd1306_WriteScreen	24	static
../Core/Src/main.c:655:6:HAL_GPIO_EXTI_Falling_Callback	16	static
../Core/Src/main.c:665:6:HAL_ADC_ConvCpltCallback	24	static
../Core/Src/main.c:687:6:HAL_TIM_PeriodElapsedCallback	16	static
../Core/Src/main.c:704:6:Error_Handler	8	static,ignoring_inline_asm
