../Core/Src/main.c:87:5:main	40	static
../Core/Src/main.c:233:6:SystemClock_Config	88	static
../Core/Src/main.c:274:13:MX_ADC1_Init	24	static
../Core/Src/main.c:342:13:MX_I2C1_Init	8	static
../Core/Src/main.c:390:13:MX_I2C2_Init	8	static
../Core/Src/main.c:438:13:MX_TIM3_Init	64	static
../Core/Src/main.c:497:13:MX_GPIO_Init	48	static
../Core/Src/main.c:541:13:ssd1306_WriteScreen	24	static
../Core/Src/main.c:548:6:HAL_GPIO_EXTI_Falling_Callback	16	static
../Core/Src/main.c:567:6:HAL_TIM_PeriodElapsedCallback	16	static
../Core/Src/main.c:584:6:Error_Handler	8	static,ignoring_inline_asm
